

================================================================
== Vitis HLS Report for 'conv_1d_cl_array_array_ap_fixed_22_11_5_3_0_64u_config8_s'
================================================================
* Date:           Wed May  6 12:32:37 2026

* Version:        2023.1 (Build 3854077 on May  4 2023)
* Project:        myproject_prj
* Solution:       solution1 (Vivado IP Flow Target)
* Product family: zynquplusRFSOC
* Target device:  xczu49dr-ffvf1760-2-e


================================================================
== Performance Estimates
================================================================
+ Timing: 
    * Summary: 
    +--------+---------+----------+------------+
    |  Clock |  Target | Estimated| Uncertainty|
    +--------+---------+----------+------------+
    |ap_clk  |  5.00 ns|  3.643 ns|     1.35 ns|
    +--------+---------+----------+------------+

+ Latency: 
    * Summary: 
    +---------+---------+----------+----------+-----+-----+---------+
    |  Latency (cycles) |  Latency (absolute) |  Interval | Pipeline|
    |   min   |   max   |    min   |    max   | min | max |   Type  |
    +---------+---------+----------+----------+-----+-----+---------+
    |      255|      255|  1.275 us|  1.275 us|  255|  255|       no|
    +---------+---------+----------+----------+-----+-----+---------+

    + Detail: 
        * Instance: 
        +------------------------------------------------------------------------------------+-------------------------------------------------------------------------+---------+---------+-----------+-----------+-----+-----+---------+
        |                                                                                    |                                                                         |  Latency (cycles) |   Latency (absolute)  |  Interval | Pipeline|
        |                                      Instance                                      |                                  Module                                 |   min   |   max   |    min    |    max    | min | max |   Type  |
        +------------------------------------------------------------------------------------+-------------------------------------------------------------------------+---------+---------+-----------+-----------+-----+-----+---------+
        |grp_compute_output_buffer_1d_array_array_ap_fixed_22_11_5_3_0_64u_config8_s_fu_368  |compute_output_buffer_1d_array_array_ap_fixed_22_11_5_3_0_64u_config8_s  |        6|        6|  30.000 ns|  30.000 ns|    6|    6|      yes|
        +------------------------------------------------------------------------------------+-------------------------------------------------------------------------+---------+---------+-----------+-----------+-----+-----+---------+

        * Loop: 
        +------------------+---------+---------+----------+-----------+-----------+------+----------+
        |                  |  Latency (cycles) | Iteration|  Initiation Interval  | Trip |          |
        |     Loop Name    |   min   |   max   |  Latency |  achieved |   target  | Count| Pipelined|
        +------------------+---------+---------+----------+-----------+-----------+------+----------+
        |- ReadInputWidth  |      253|      253|         8|          6|          1|    42|       yes|
        +------------------+---------+---------+----------+-----------+-----------+------+----------+



================================================================
== Utilization Estimates
================================================================
* Summary: 
+-----------------+---------+------+--------+--------+-----+
|       Name      | BRAM_18K|  DSP |   FF   |   LUT  | URAM|
+-----------------+---------+------+--------+--------+-----+
|DSP              |        -|     -|       -|       -|    -|
|Expression       |        -|     -|       0|      38|    -|
|FIFO             |        -|     -|       -|       -|    -|
|Instance         |        -|     0|   22530|  123752|    -|
|Memory           |        -|     -|       -|       -|    -|
|Multiplexer      |        -|     -|       -|     127|    -|
|Register         |        -|     -|      18|       -|    -|
+-----------------+---------+------+--------+--------+-----+
|Total            |        0|     0|   22548|  123917|    0|
+-----------------+---------+------+--------+--------+-----+
|Available        |     2160|  4272|  850560|  425280|   80|
+-----------------+---------+------+--------+--------+-----+
|Utilization (%)  |        0|     0|       2|      29|    0|
+-----------------+---------+------+--------+--------+-----+

+ Detail: 
    * Instance: 
    +------------------------------------------------------------------------------------+-------------------------------------------------------------------------+---------+----+-------+--------+-----+
    |                                      Instance                                      |                                  Module                                 | BRAM_18K| DSP|   FF  |   LUT  | URAM|
    +------------------------------------------------------------------------------------+-------------------------------------------------------------------------+---------+----+-------+--------+-----+
    |grp_compute_output_buffer_1d_array_array_ap_fixed_22_11_5_3_0_64u_config8_s_fu_368  |compute_output_buffer_1d_array_array_ap_fixed_22_11_5_3_0_64u_config8_s  |        0|   0|  22530|  123752|    0|
    +------------------------------------------------------------------------------------+-------------------------------------------------------------------------+---------+----+-------+--------+-----+
    |Total                                                                               |                                                                         |        0|   0|  22530|  123752|    0|
    +------------------------------------------------------------------------------------+-------------------------------------------------------------------------+---------+----+-------+--------+-----+

    * DSP: 
    N/A

    * Memory: 
    N/A

    * FIFO: 
    N/A

    * Expression: 
    +------------------------------------------+----------+----+---+----+------------+------------+
    |               Variable Name              | Operation| DSP| FF| LUT| Bitwidth P0| Bitwidth P1|
    +------------------------------------------+----------+----+---+----+------------+------------+
    |i_iw_5_fu_616_p2                          |         +|   0|  0|  13|           6|           1|
    |ap_block_pp0_stage0_11001                 |       and|   0|  0|   2|           1|           1|
    |ap_block_pp0_stage1_11001_ignoreCallOp54  |       and|   0|  0|   2|           1|           1|
    |ap_block_state2_pp0_stage1_iter0          |       and|   0|  0|   2|           1|           1|
    |ap_condition_225                          |       and|   0|  0|   2|           1|           1|
    |icmp_ln22_fu_610_p2                       |      icmp|   0|  0|  13|           6|           6|
    |ap_block_pp0_stage1_11001                 |        or|   0|  0|   2|           1|           1|
    |ap_enable_pp0                             |       xor|   0|  0|   2|           1|           2|
    +------------------------------------------+----------+----+---+----+------------+------------+
    |Total                                     |          |   0|  0|  38|          18|          14|
    +------------------------------------------+----------+----+---+----+------------+------------+

    * Multiplexer: 
    +-----------------------------+----+-----------+-----+-----------+
    |             Name            | LUT| Input Size| Bits| Total Bits|
    +-----------------------------+----+-----------+-----+-----------+
    |ap_NS_fsm                    |  37|          7|    1|          7|
    |ap_done_int                  |   9|          2|    1|          2|
    |ap_enable_reg_pp0_iter0      |   9|          2|    1|          2|
    |ap_enable_reg_pp0_iter0_reg  |   9|          2|    1|          2|
    |ap_enable_reg_pp0_iter1      |   9|          2|    1|          2|
    |ap_sig_allocacmp_i_iw        |   9|          2|    6|         12|
    |i_iw_01_fu_358               |   9|          2|    6|         12|
    |layer20_out_blk_n            |   9|          2|    1|          2|
    |layer8_out_blk_n             |   9|          2|    1|          2|
    |layer8_out_write             |   9|          2|    1|          2|
    |real_start                   |   9|          2|    1|          2|
    +-----------------------------+----+-----------+-----+-----------+
    |Total                        | 127|         27|   21|         47|
    +-----------------------------+----+-----------+-----+-----------+

    * Register: 
    +-------------------------------------------------------------------------------------------------+---+----+-----+-----------+
    |                                               Name                                              | FF| LUT| Bits| Const Bits|
    +-------------------------------------------------------------------------------------------------+---+----+-----+-----------+
    |ap_CS_fsm                                                                                        |  6|   0|    6|          0|
    |ap_done_reg                                                                                      |  1|   0|    1|          0|
    |ap_enable_reg_pp0_iter0_reg                                                                      |  1|   0|    1|          0|
    |ap_enable_reg_pp0_iter1                                                                          |  1|   0|    1|          0|
    |grp_compute_output_buffer_1d_array_array_ap_fixed_22_11_5_3_0_64u_config8_s_fu_368_ap_start_reg  |  1|   0|    1|          0|
    |i_iw_01_fu_358                                                                                   |  6|   0|    6|          0|
    |icmp_ln22_reg_980                                                                                |  1|   0|    1|          0|
    |start_once_reg                                                                                   |  1|   0|    1|          0|
    +-------------------------------------------------------------------------------------------------+---+----+-----+-----------+
    |Total                                                                                            | 18|   0|   18|          0|
    +-------------------------------------------------------------------------------------------------+---+----+-----+-----------+



================================================================
== Interface
================================================================
* Summary: 
+----------------------------+-----+------+------------+------------------------------------------------------------+--------------+
|          RTL Ports         | Dir | Bits |  Protocol  |                        Source Object                       |    C Type    |
+----------------------------+-----+------+------------+------------------------------------------------------------+--------------+
|ap_clk                      |   in|     1|  ap_ctrl_hs|  conv_1d_cl<array,array<ap_fixed<22,11,5,3,0>,64u>,config8>|  return value|
|ap_rst                      |   in|     1|  ap_ctrl_hs|  conv_1d_cl<array,array<ap_fixed<22,11,5,3,0>,64u>,config8>|  return value|
|ap_start                    |   in|     1|  ap_ctrl_hs|  conv_1d_cl<array,array<ap_fixed<22,11,5,3,0>,64u>,config8>|  return value|
|start_full_n                |   in|     1|  ap_ctrl_hs|  conv_1d_cl<array,array<ap_fixed<22,11,5,3,0>,64u>,config8>|  return value|
|ap_done                     |  out|     1|  ap_ctrl_hs|  conv_1d_cl<array,array<ap_fixed<22,11,5,3,0>,64u>,config8>|  return value|
|ap_continue                 |   in|     1|  ap_ctrl_hs|  conv_1d_cl<array,array<ap_fixed<22,11,5,3,0>,64u>,config8>|  return value|
|ap_idle                     |  out|     1|  ap_ctrl_hs|  conv_1d_cl<array,array<ap_fixed<22,11,5,3,0>,64u>,config8>|  return value|
|ap_ready                    |  out|     1|  ap_ctrl_hs|  conv_1d_cl<array,array<ap_fixed<22,11,5,3,0>,64u>,config8>|  return value|
|start_out                   |  out|     1|  ap_ctrl_hs|  conv_1d_cl<array,array<ap_fixed<22,11,5,3,0>,64u>,config8>|  return value|
|start_write                 |  out|     1|  ap_ctrl_hs|  conv_1d_cl<array,array<ap_fixed<22,11,5,3,0>,64u>,config8>|  return value|
|layer20_out_dout            |   in|   192|     ap_fifo|                                                 layer20_out|       pointer|
|layer20_out_num_data_valid  |   in|     7|     ap_fifo|                                                 layer20_out|       pointer|
|layer20_out_fifo_cap        |   in|     7|     ap_fifo|                                                 layer20_out|       pointer|
|layer20_out_empty_n         |   in|     1|     ap_fifo|                                                 layer20_out|       pointer|
|layer20_out_read            |  out|     1|     ap_fifo|                                                 layer20_out|       pointer|
|layer8_out_din              |  out|  1408|     ap_fifo|                                                  layer8_out|       pointer|
|layer8_out_num_data_valid   |   in|     7|     ap_fifo|                                                  layer8_out|       pointer|
|layer8_out_fifo_cap         |   in|     7|     ap_fifo|                                                  layer8_out|       pointer|
|layer8_out_full_n           |   in|     1|     ap_fifo|                                                  layer8_out|       pointer|
|layer8_out_write            |  out|     1|     ap_fifo|                                                  layer8_out|       pointer|
+----------------------------+-----+------+------------+------------------------------------------------------------+--------------+

