

================================================================
== Vitis HLS Report for 'relu_array_ap_fixed_32u_array_ap_ufixed_6_0_4_0_0_32u_relu_config4_s'
================================================================
* Date:           Wed May  6 12:31:59 2026

* Version:        2023.1 (Build 3854077 on May  4 2023)
* Project:        myproject_prj
* Solution:       solution1 (Vivado IP Flow Target)
* Product family: zynquplusRFSOC
* Target device:  xczu49dr-ffvf1760-2-e


================================================================
== Performance Estimates
================================================================
+ Timing: 
    * Summary: 
    +--------+---------+----------+------------+
    |  Clock |  Target | Estimated| Uncertainty|
    +--------+---------+----------+------------+
    |ap_clk  |  5.00 ns|  3.564 ns|     1.35 ns|
    +--------+---------+----------+------------+

+ Latency: 
    * Summary: 
    +---------+---------+----------+----------+-----+-----+---------+
    |  Latency (cycles) |  Latency (absolute) |  Interval | Pipeline|
    |   min   |   max   |    min   |    max   | min | max |   Type  |
    +---------+---------+----------+----------+-----+-----+---------+
    |       83|       83|  0.415 us|  0.415 us|   83|   83|       no|
    +---------+---------+----------+----------+-----+-----+---------+

    + Detail: 
        * Instance: 
        N/A

        * Loop: 
        +---------------+---------+---------+----------+-----------+-----------+------+----------+
        |               |  Latency (cycles) | Iteration|  Initiation Interval  | Trip |          |
        |   Loop Name   |   min   |   max   |  Latency |  achieved |   target  | Count| Pipelined|
        +---------------+---------+---------+----------+-----------+-----------+------+----------+
        |- ReLUActLoop  |       81|       81|         3|          1|          1|    80|       yes|
        +---------------+---------+---------+----------+-----------+-----------+------+----------+



================================================================
== Utilization Estimates
================================================================
* Summary: 
+-----------------+---------+------+--------+--------+-----+
|       Name      | BRAM_18K|  DSP |   FF   |   LUT  | URAM|
+-----------------+---------+------+--------+--------+-----+
|DSP              |        -|     -|       -|       -|    -|
|Expression       |        -|     -|       0|    3330|    -|
|FIFO             |        -|     -|       -|       -|    -|
|Instance         |        -|     -|       -|       -|    -|
|Memory           |        -|     -|       -|       -|    -|
|Multiplexer      |        -|     -|       -|      63|    -|
|Register         |        -|     -|     205|       -|    -|
+-----------------+---------+------+--------+--------+-----+
|Total            |        0|     0|     205|    3393|    0|
+-----------------+---------+------+--------+--------+-----+
|Available        |     2160|  4272|  850560|  425280|   80|
+-----------------+---------+------+--------+--------+-----+
|Utilization (%)  |        0|     0|      ~0|      ~0|    0|
+-----------------+---------+------+--------+--------+-----+

+ Detail: 
    * Instance: 
    N/A

    * DSP: 
    N/A

    * Memory: 
    N/A

    * FIFO: 
    N/A

    * Expression: 
    +---------------------------+----------+----+---+----+------------+------------+
    |       Variable Name       | Operation| DSP| FF| LUT| Bitwidth P0| Bitwidth P1|
    +---------------------------+----------+----+---+----+------------+------------+
    |add_ln52_10_fu_2282_p2     |         +|   0|  0|  13|           6|           6|
    |add_ln52_11_fu_2418_p2     |         +|   0|  0|  13|           6|           6|
    |add_ln52_12_fu_2554_p2     |         +|   0|  0|  13|           6|           6|
    |add_ln52_13_fu_2690_p2     |         +|   0|  0|  13|           6|           6|
    |add_ln52_14_fu_2826_p2     |         +|   0|  0|  13|           6|           6|
    |add_ln52_15_fu_2962_p2     |         +|   0|  0|  13|           6|           6|
    |add_ln52_16_fu_3098_p2     |         +|   0|  0|  13|           6|           6|
    |add_ln52_17_fu_3234_p2     |         +|   0|  0|  13|           6|           6|
    |add_ln52_18_fu_3370_p2     |         +|   0|  0|  13|           6|           6|
    |add_ln52_19_fu_3506_p2     |         +|   0|  0|  13|           6|           6|
    |add_ln52_1_fu_1058_p2      |         +|   0|  0|  13|           6|           6|
    |add_ln52_20_fu_3642_p2     |         +|   0|  0|  13|           6|           6|
    |add_ln52_21_fu_3778_p2     |         +|   0|  0|  13|           6|           6|
    |add_ln52_22_fu_3914_p2     |         +|   0|  0|  13|           6|           6|
    |add_ln52_23_fu_4050_p2     |         +|   0|  0|  13|           6|           6|
    |add_ln52_24_fu_4186_p2     |         +|   0|  0|  13|           6|           6|
    |add_ln52_25_fu_4322_p2     |         +|   0|  0|  13|           6|           6|
    |add_ln52_26_fu_4458_p2     |         +|   0|  0|  13|           6|           6|
    |add_ln52_27_fu_4594_p2     |         +|   0|  0|  13|           6|           6|
    |add_ln52_28_fu_4730_p2     |         +|   0|  0|  13|           6|           6|
    |add_ln52_29_fu_4866_p2     |         +|   0|  0|  13|           6|           6|
    |add_ln52_2_fu_1194_p2      |         +|   0|  0|  13|           6|           6|
    |add_ln52_30_fu_5002_p2     |         +|   0|  0|  13|           6|           6|
    |add_ln52_31_fu_5138_p2     |         +|   0|  0|  13|           6|           6|
    |add_ln52_3_fu_1330_p2      |         +|   0|  0|  13|           6|           6|
    |add_ln52_4_fu_1466_p2      |         +|   0|  0|  13|           6|           6|
    |add_ln52_5_fu_1602_p2      |         +|   0|  0|  13|           6|           6|
    |add_ln52_6_fu_1738_p2      |         +|   0|  0|  13|           6|           6|
    |add_ln52_7_fu_1874_p2      |         +|   0|  0|  13|           6|           6|
    |add_ln52_8_fu_2010_p2      |         +|   0|  0|  13|           6|           6|
    |add_ln52_9_fu_2146_p2      |         +|   0|  0|  13|           6|           6|
    |add_ln52_fu_922_p2         |         +|   0|  0|  13|           6|           6|
    |i_14_fu_539_p2             |         +|   0|  0|  14|           7|           1|
    |and_ln52_10_fu_1592_p2     |       and|   0|  0|   2|           1|           1|
    |and_ln52_11_fu_1652_p2     |       and|   0|  0|   2|           1|           1|
    |and_ln52_12_fu_1728_p2     |       and|   0|  0|   2|           1|           1|
    |and_ln52_13_fu_1788_p2     |       and|   0|  0|   2|           1|           1|
    |and_ln52_14_fu_1864_p2     |       and|   0|  0|   2|           1|           1|
    |and_ln52_15_fu_1924_p2     |       and|   0|  0|   2|           1|           1|
    |and_ln52_16_fu_2000_p2     |       and|   0|  0|   2|           1|           1|
    |and_ln52_17_fu_2060_p2     |       and|   0|  0|   2|           1|           1|
    |and_ln52_18_fu_2136_p2     |       and|   0|  0|   2|           1|           1|
    |and_ln52_19_fu_2196_p2     |       and|   0|  0|   2|           1|           1|
    |and_ln52_1_fu_972_p2       |       and|   0|  0|   2|           1|           1|
    |and_ln52_20_fu_2272_p2     |       and|   0|  0|   2|           1|           1|
    |and_ln52_21_fu_2332_p2     |       and|   0|  0|   2|           1|           1|
    |and_ln52_22_fu_2408_p2     |       and|   0|  0|   2|           1|           1|
    |and_ln52_23_fu_2468_p2     |       and|   0|  0|   2|           1|           1|
    |and_ln52_24_fu_2544_p2     |       and|   0|  0|   2|           1|           1|
    |and_ln52_25_fu_2604_p2     |       and|   0|  0|   2|           1|           1|
    |and_ln52_26_fu_2680_p2     |       and|   0|  0|   2|           1|           1|
    |and_ln52_27_fu_2740_p2     |       and|   0|  0|   2|           1|           1|
    |and_ln52_28_fu_2816_p2     |       and|   0|  0|   2|           1|           1|
    |and_ln52_29_fu_2876_p2     |       and|   0|  0|   2|           1|           1|
    |and_ln52_2_fu_1048_p2      |       and|   0|  0|   2|           1|           1|
    |and_ln52_30_fu_2952_p2     |       and|   0|  0|   2|           1|           1|
    |and_ln52_31_fu_3012_p2     |       and|   0|  0|   2|           1|           1|
    |and_ln52_32_fu_3088_p2     |       and|   0|  0|   2|           1|           1|
    |and_ln52_33_fu_3148_p2     |       and|   0|  0|   2|           1|           1|
    |and_ln52_34_fu_3224_p2     |       and|   0|  0|   2|           1|           1|
    |and_ln52_35_fu_3284_p2     |       and|   0|  0|   2|           1|           1|
    |and_ln52_36_fu_3360_p2     |       and|   0|  0|   2|           1|           1|
    |and_ln52_37_fu_3420_p2     |       and|   0|  0|   2|           1|           1|
    |and_ln52_38_fu_3496_p2     |       and|   0|  0|   2|           1|           1|
    |and_ln52_39_fu_3556_p2     |       and|   0|  0|   2|           1|           1|
    |and_ln52_3_fu_1108_p2      |       and|   0|  0|   2|           1|           1|
    |and_ln52_40_fu_3632_p2     |       and|   0|  0|   2|           1|           1|
    |and_ln52_41_fu_3692_p2     |       and|   0|  0|   2|           1|           1|
    |and_ln52_42_fu_3768_p2     |       and|   0|  0|   2|           1|           1|
    |and_ln52_43_fu_3828_p2     |       and|   0|  0|   2|           1|           1|
    |and_ln52_44_fu_3904_p2     |       and|   0|  0|   2|           1|           1|
    |and_ln52_45_fu_3964_p2     |       and|   0|  0|   2|           1|           1|
    |and_ln52_46_fu_4040_p2     |       and|   0|  0|   2|           1|           1|
    |and_ln52_47_fu_4100_p2     |       and|   0|  0|   2|           1|           1|
    |and_ln52_48_fu_4176_p2     |       and|   0|  0|   2|           1|           1|
    |and_ln52_49_fu_4236_p2     |       and|   0|  0|   2|           1|           1|
    |and_ln52_4_fu_1184_p2      |       and|   0|  0|   2|           1|           1|
    |and_ln52_50_fu_4312_p2     |       and|   0|  0|   2|           1|           1|
    |and_ln52_51_fu_4372_p2     |       and|   0|  0|   2|           1|           1|
    |and_ln52_52_fu_4448_p2     |       and|   0|  0|   2|           1|           1|
    |and_ln52_53_fu_4508_p2     |       and|   0|  0|   2|           1|           1|
    |and_ln52_54_fu_4584_p2     |       and|   0|  0|   2|           1|           1|
    |and_ln52_55_fu_4644_p2     |       and|   0|  0|   2|           1|           1|
    |and_ln52_56_fu_4720_p2     |       and|   0|  0|   2|           1|           1|
    |and_ln52_57_fu_4780_p2     |       and|   0|  0|   2|           1|           1|
    |and_ln52_58_fu_4856_p2     |       and|   0|  0|   2|           1|           1|
    |and_ln52_59_fu_4916_p2     |       and|   0|  0|   2|           1|           1|
    |and_ln52_5_fu_1244_p2      |       and|   0|  0|   2|           1|           1|
    |and_ln52_60_fu_4992_p2     |       and|   0|  0|   2|           1|           1|
    |and_ln52_61_fu_5052_p2     |       and|   0|  0|   2|           1|           1|
    |and_ln52_62_fu_5128_p2     |       and|   0|  0|   2|           1|           1|
    |and_ln52_63_fu_5188_p2     |       and|   0|  0|   2|           1|           1|
    |and_ln52_6_fu_1320_p2      |       and|   0|  0|   2|           1|           1|
    |and_ln52_7_fu_1380_p2      |       and|   0|  0|   2|           1|           1|
    |and_ln52_8_fu_1456_p2      |       and|   0|  0|   2|           1|           1|
    |and_ln52_9_fu_1516_p2      |       and|   0|  0|   2|           1|           1|
    |and_ln52_fu_912_p2         |       and|   0|  0|   2|           1|           1|
    |ap_condition_174           |       and|   0|  0|   2|           1|           1|
    |icmp_ln41_fu_533_p2        |      icmp|   0|  0|  14|           7|           7|
    |icmp_ln51_10_fu_2218_p2    |      icmp|   0|  0|  34|          27|           1|
    |icmp_ln51_11_fu_2354_p2    |      icmp|   0|  0|  34|          27|           1|
    |icmp_ln51_12_fu_2490_p2    |      icmp|   0|  0|  34|          27|           1|
    |icmp_ln51_13_fu_2626_p2    |      icmp|   0|  0|  34|          27|           1|
    |icmp_ln51_14_fu_2762_p2    |      icmp|   0|  0|  34|          27|           1|
    |icmp_ln51_15_fu_2898_p2    |      icmp|   0|  0|  34|          27|           1|
    |icmp_ln51_16_fu_3034_p2    |      icmp|   0|  0|  34|          27|           1|
    |icmp_ln51_17_fu_3170_p2    |      icmp|   0|  0|  34|          27|           1|
    |icmp_ln51_18_fu_3306_p2    |      icmp|   0|  0|  34|          27|           1|
    |icmp_ln51_19_fu_3442_p2    |      icmp|   0|  0|  34|          27|           1|
    |icmp_ln51_1_fu_994_p2      |      icmp|   0|  0|  34|          27|           1|
    |icmp_ln51_20_fu_3578_p2    |      icmp|   0|  0|  34|          27|           1|
    |icmp_ln51_21_fu_3714_p2    |      icmp|   0|  0|  34|          27|           1|
    |icmp_ln51_22_fu_3850_p2    |      icmp|   0|  0|  34|          27|           1|
    |icmp_ln51_23_fu_3986_p2    |      icmp|   0|  0|  34|          27|           1|
    |icmp_ln51_24_fu_4122_p2    |      icmp|   0|  0|  34|          27|           1|
    |icmp_ln51_25_fu_4258_p2    |      icmp|   0|  0|  34|          27|           1|
    |icmp_ln51_26_fu_4394_p2    |      icmp|   0|  0|  34|          27|           1|
    |icmp_ln51_27_fu_4530_p2    |      icmp|   0|  0|  34|          27|           1|
    |icmp_ln51_28_fu_4666_p2    |      icmp|   0|  0|  34|          27|           1|
    |icmp_ln51_29_fu_4802_p2    |      icmp|   0|  0|  34|          27|           1|
    |icmp_ln51_2_fu_1130_p2     |      icmp|   0|  0|  34|          27|           1|
    |icmp_ln51_30_fu_4938_p2    |      icmp|   0|  0|  34|          27|           1|
    |icmp_ln51_31_fu_5074_p2    |      icmp|   0|  0|  34|          27|           1|
    |icmp_ln51_3_fu_1266_p2     |      icmp|   0|  0|  34|          27|           1|
    |icmp_ln51_4_fu_1402_p2     |      icmp|   0|  0|  34|          27|           1|
    |icmp_ln51_5_fu_1538_p2     |      icmp|   0|  0|  34|          27|           1|
    |icmp_ln51_6_fu_1674_p2     |      icmp|   0|  0|  34|          27|           1|
    |icmp_ln51_7_fu_1810_p2     |      icmp|   0|  0|  34|          27|           1|
    |icmp_ln51_8_fu_1946_p2     |      icmp|   0|  0|  34|          27|           1|
    |icmp_ln51_9_fu_2082_p2     |      icmp|   0|  0|  34|          27|           1|
    |icmp_ln51_fu_864_p2        |      icmp|   0|  0|  34|          27|           1|
    |icmp_ln52_101_fu_3620_p2   |      icmp|   0|  0|  15|           8|           1|
    |icmp_ln52_102_fu_3658_p2   |      icmp|   0|  0|  19|          12|           1|
    |icmp_ln52_106_fu_3756_p2   |      icmp|   0|  0|  15|           8|           1|
    |icmp_ln52_107_fu_3794_p2   |      icmp|   0|  0|  19|          12|           1|
    |icmp_ln52_111_fu_3892_p2   |      icmp|   0|  0|  15|           8|           1|
    |icmp_ln52_112_fu_3930_p2   |      icmp|   0|  0|  19|          12|           1|
    |icmp_ln52_116_fu_4028_p2   |      icmp|   0|  0|  15|           8|           1|
    |icmp_ln52_117_fu_4066_p2   |      icmp|   0|  0|  19|          12|           1|
    |icmp_ln52_11_fu_1172_p2    |      icmp|   0|  0|  15|           8|           1|
    |icmp_ln52_121_fu_4164_p2   |      icmp|   0|  0|  15|           8|           1|
    |icmp_ln52_122_fu_4202_p2   |      icmp|   0|  0|  19|          12|           1|
    |icmp_ln52_126_fu_4300_p2   |      icmp|   0|  0|  15|           8|           1|
    |icmp_ln52_127_fu_4338_p2   |      icmp|   0|  0|  19|          12|           1|
    |icmp_ln52_12_fu_1210_p2    |      icmp|   0|  0|  19|          12|           1|
    |icmp_ln52_131_fu_4436_p2   |      icmp|   0|  0|  15|           8|           1|
    |icmp_ln52_132_fu_4474_p2   |      icmp|   0|  0|  19|          12|           1|
    |icmp_ln52_136_fu_4572_p2   |      icmp|   0|  0|  15|           8|           1|
    |icmp_ln52_137_fu_4610_p2   |      icmp|   0|  0|  19|          12|           1|
    |icmp_ln52_141_fu_4708_p2   |      icmp|   0|  0|  15|           8|           1|
    |icmp_ln52_142_fu_4746_p2   |      icmp|   0|  0|  19|          12|           1|
    |icmp_ln52_146_fu_4844_p2   |      icmp|   0|  0|  15|           8|           1|
    |icmp_ln52_147_fu_4882_p2   |      icmp|   0|  0|  19|          12|           1|
    |icmp_ln52_151_fu_4980_p2   |      icmp|   0|  0|  15|           8|           1|
    |icmp_ln52_152_fu_5018_p2   |      icmp|   0|  0|  19|          12|           1|
    |icmp_ln52_156_fu_5116_p2   |      icmp|   0|  0|  15|           8|           1|
    |icmp_ln52_157_fu_5154_p2   |      icmp|   0|  0|  19|          12|           1|
    |icmp_ln52_16_fu_1308_p2    |      icmp|   0|  0|  15|           8|           1|
    |icmp_ln52_17_fu_1346_p2    |      icmp|   0|  0|  19|          12|           1|
    |icmp_ln52_1_fu_900_p2      |      icmp|   0|  0|  15|           8|           1|
    |icmp_ln52_21_fu_1444_p2    |      icmp|   0|  0|  15|           8|           1|
    |icmp_ln52_22_fu_1482_p2    |      icmp|   0|  0|  19|          12|           1|
    |icmp_ln52_26_fu_1580_p2    |      icmp|   0|  0|  15|           8|           1|
    |icmp_ln52_27_fu_1618_p2    |      icmp|   0|  0|  19|          12|           1|
    |icmp_ln52_2_fu_938_p2      |      icmp|   0|  0|  19|          12|           1|
    |icmp_ln52_31_fu_1716_p2    |      icmp|   0|  0|  15|           8|           1|
    |icmp_ln52_32_fu_1754_p2    |      icmp|   0|  0|  19|          12|           1|
    |icmp_ln52_36_fu_1852_p2    |      icmp|   0|  0|  15|           8|           1|
    |icmp_ln52_37_fu_1890_p2    |      icmp|   0|  0|  19|          12|           1|
    |icmp_ln52_41_fu_1988_p2    |      icmp|   0|  0|  15|           8|           1|
    |icmp_ln52_42_fu_2026_p2    |      icmp|   0|  0|  19|          12|           1|
    |icmp_ln52_46_fu_2124_p2    |      icmp|   0|  0|  15|           8|           1|
    |icmp_ln52_47_fu_2162_p2    |      icmp|   0|  0|  19|          12|           1|
    |icmp_ln52_51_fu_2260_p2    |      icmp|   0|  0|  15|           8|           1|
    |icmp_ln52_52_fu_2298_p2    |      icmp|   0|  0|  19|          12|           1|
    |icmp_ln52_56_fu_2396_p2    |      icmp|   0|  0|  15|           8|           1|
    |icmp_ln52_57_fu_2434_p2    |      icmp|   0|  0|  19|          12|           1|
    |icmp_ln52_61_fu_2532_p2    |      icmp|   0|  0|  15|           8|           1|
    |icmp_ln52_62_fu_2570_p2    |      icmp|   0|  0|  19|          12|           1|
    |icmp_ln52_66_fu_2668_p2    |      icmp|   0|  0|  15|           8|           1|
    |icmp_ln52_67_fu_2706_p2    |      icmp|   0|  0|  19|          12|           1|
    |icmp_ln52_6_fu_1036_p2     |      icmp|   0|  0|  15|           8|           1|
    |icmp_ln52_71_fu_2804_p2    |      icmp|   0|  0|  15|           8|           1|
    |icmp_ln52_72_fu_2842_p2    |      icmp|   0|  0|  19|          12|           1|
    |icmp_ln52_76_fu_2940_p2    |      icmp|   0|  0|  15|           8|           1|
    |icmp_ln52_77_fu_2978_p2    |      icmp|   0|  0|  19|          12|           1|
    |icmp_ln52_7_fu_1074_p2     |      icmp|   0|  0|  19|          12|           1|
    |icmp_ln52_81_fu_3076_p2    |      icmp|   0|  0|  15|           8|           1|
    |icmp_ln52_82_fu_3114_p2    |      icmp|   0|  0|  19|          12|           1|
    |icmp_ln52_86_fu_3212_p2    |      icmp|   0|  0|  15|           8|           1|
    |icmp_ln52_87_fu_3250_p2    |      icmp|   0|  0|  19|          12|           1|
    |icmp_ln52_91_fu_3348_p2    |      icmp|   0|  0|  15|           8|           1|
    |icmp_ln52_92_fu_3386_p2    |      icmp|   0|  0|  19|          12|           1|
    |icmp_ln52_96_fu_3484_p2    |      icmp|   0|  0|  15|           8|           1|
    |icmp_ln52_97_fu_3522_p2    |      icmp|   0|  0|  19|          12|           1|
    |ap_block_pp0_stage0_01001  |        or|   0|  0|   2|           1|           1|
    |or_ln52_10_fu_2266_p2      |        or|   0|  0|   2|           1|           1|
    |or_ln52_11_fu_2402_p2      |        or|   0|  0|   2|           1|           1|
    |or_ln52_12_fu_2538_p2      |        or|   0|  0|   2|           1|           1|
    |or_ln52_13_fu_2674_p2      |        or|   0|  0|   2|           1|           1|
    |or_ln52_14_fu_2810_p2      |        or|   0|  0|   2|           1|           1|
    |or_ln52_15_fu_2946_p2      |        or|   0|  0|   2|           1|           1|
    |or_ln52_16_fu_3082_p2      |        or|   0|  0|   2|           1|           1|
    |or_ln52_17_fu_3218_p2      |        or|   0|  0|   2|           1|           1|
    |or_ln52_18_fu_3354_p2      |        or|   0|  0|   2|           1|           1|
    |or_ln52_19_fu_3490_p2      |        or|   0|  0|   2|           1|           1|
    |or_ln52_1_fu_1042_p2       |        or|   0|  0|   2|           1|           1|
    |or_ln52_20_fu_3626_p2      |        or|   0|  0|   2|           1|           1|
    |or_ln52_21_fu_3762_p2      |        or|   0|  0|   2|           1|           1|
    |or_ln52_22_fu_3898_p2      |        or|   0|  0|   2|           1|           1|
    |or_ln52_23_fu_4034_p2      |        or|   0|  0|   2|           1|           1|
    |or_ln52_24_fu_4170_p2      |        or|   0|  0|   2|           1|           1|
    |or_ln52_25_fu_4306_p2      |        or|   0|  0|   2|           1|           1|
    |or_ln52_26_fu_4442_p2      |        or|   0|  0|   2|           1|           1|
    |or_ln52_27_fu_4578_p2      |        or|   0|  0|   2|           1|           1|
    |or_ln52_28_fu_4714_p2      |        or|   0|  0|   2|           1|           1|
    |or_ln52_29_fu_4850_p2      |        or|   0|  0|   2|           1|           1|
    |or_ln52_2_fu_1178_p2       |        or|   0|  0|   2|           1|           1|
    |or_ln52_30_fu_4986_p2      |        or|   0|  0|   2|           1|           1|
    |or_ln52_31_fu_5122_p2      |        or|   0|  0|   2|           1|           1|
    |or_ln52_32_fu_966_p2       |        or|   0|  0|   2|           1|           1|
    |or_ln52_33_fu_1102_p2      |        or|   0|  0|   2|           1|           1|
    |or_ln52_34_fu_1238_p2      |        or|   0|  0|   2|           1|           1|
    |or_ln52_35_fu_1374_p2      |        or|   0|  0|   2|           1|           1|
    |or_ln52_36_fu_1510_p2      |        or|   0|  0|   2|           1|           1|
    |or_ln52_37_fu_1646_p2      |        or|   0|  0|   2|           1|           1|
    |or_ln52_38_fu_1782_p2      |        or|   0|  0|   2|           1|           1|
    |or_ln52_39_fu_1918_p2      |        or|   0|  0|   2|           1|           1|
    |or_ln52_3_fu_1314_p2       |        or|   0|  0|   2|           1|           1|
    |or_ln52_40_fu_2054_p2      |        or|   0|  0|   2|           1|           1|
    |or_ln52_41_fu_2190_p2      |        or|   0|  0|   2|           1|           1|
    |or_ln52_42_fu_2326_p2      |        or|   0|  0|   2|           1|           1|
    |or_ln52_43_fu_2462_p2      |        or|   0|  0|   2|           1|           1|
    |or_ln52_44_fu_2598_p2      |        or|   0|  0|   2|           1|           1|
    |or_ln52_45_fu_2734_p2      |        or|   0|  0|   2|           1|           1|
    |or_ln52_46_fu_2870_p2      |        or|   0|  0|   2|           1|           1|
    |or_ln52_47_fu_3006_p2      |        or|   0|  0|   2|           1|           1|
    |or_ln52_48_fu_3142_p2      |        or|   0|  0|   2|           1|           1|
    |or_ln52_49_fu_3278_p2      |        or|   0|  0|   2|           1|           1|
    |or_ln52_4_fu_1450_p2       |        or|   0|  0|   2|           1|           1|
    |or_ln52_50_fu_3414_p2      |        or|   0|  0|   2|           1|           1|
    |or_ln52_51_fu_3550_p2      |        or|   0|  0|   2|           1|           1|
    |or_ln52_52_fu_3686_p2      |        or|   0|  0|   2|           1|           1|
    |or_ln52_53_fu_3822_p2      |        or|   0|  0|   2|           1|           1|
    |or_ln52_54_fu_3958_p2      |        or|   0|  0|   2|           1|           1|
    |or_ln52_55_fu_4094_p2      |        or|   0|  0|   2|           1|           1|
    |or_ln52_56_fu_4230_p2      |        or|   0|  0|   2|           1|           1|
    |or_ln52_57_fu_4366_p2      |        or|   0|  0|   2|           1|           1|
    |or_ln52_58_fu_4502_p2      |        or|   0|  0|   2|           1|           1|
    |or_ln52_59_fu_4638_p2      |        or|   0|  0|   2|           1|           1|
    |or_ln52_5_fu_1586_p2       |        or|   0|  0|   2|           1|           1|
    |or_ln52_60_fu_4774_p2      |        or|   0|  0|   2|           1|           1|
    |or_ln52_61_fu_4910_p2      |        or|   0|  0|   2|           1|           1|
    |or_ln52_62_fu_5046_p2      |        or|   0|  0|   2|           1|           1|
    |or_ln52_63_fu_5182_p2      |        or|   0|  0|   2|           1|           1|
    |or_ln52_6_fu_1722_p2       |        or|   0|  0|   2|           1|           1|
    |or_ln52_7_fu_1858_p2       |        or|   0|  0|   2|           1|           1|
    |or_ln52_8_fu_1994_p2       |        or|   0|  0|   2|           1|           1|
    |or_ln52_9_fu_2130_p2       |        or|   0|  0|   2|           1|           1|
    |or_ln52_fu_906_p2          |        or|   0|  0|   2|           1|           1|
    |out_data_31_fu_986_p3      |    select|   0|  0|   6|           1|           6|
    |out_data_32_fu_1114_p3     |    select|   0|  0|   6|           1|           6|
    |out_data_33_fu_1122_p3     |    select|   0|  0|   6|           1|           6|
    |out_data_34_fu_1250_p3     |    select|   0|  0|   6|           1|           6|
    |out_data_35_fu_1258_p3     |    select|   0|  0|   6|           1|           6|
    |out_data_36_fu_1386_p3     |    select|   0|  0|   6|           1|           6|
    |out_data_37_fu_1394_p3     |    select|   0|  0|   6|           1|           6|
    |out_data_38_fu_1522_p3     |    select|   0|  0|   6|           1|           6|
    |out_data_39_fu_1530_p3     |    select|   0|  0|   6|           1|           6|
    |out_data_40_fu_1658_p3     |    select|   0|  0|   6|           1|           6|
    |out_data_41_fu_1666_p3     |    select|   0|  0|   6|           1|           6|
    |out_data_42_fu_1794_p3     |    select|   0|  0|   6|           1|           6|
    |out_data_43_fu_1802_p3     |    select|   0|  0|   6|           1|           6|
    |out_data_44_fu_1930_p3     |    select|   0|  0|   6|           1|           6|
    |out_data_45_fu_1938_p3     |    select|   0|  0|   6|           1|           6|
    |out_data_fu_978_p3         |    select|   0|  0|   6|           1|           6|
    |select_ln51_10_fu_3434_p3  |    select|   0|  0|   6|           1|           6|
    |select_ln51_11_fu_3570_p3  |    select|   0|  0|   6|           1|           6|
    |select_ln51_12_fu_3706_p3  |    select|   0|  0|   6|           1|           6|
    |select_ln51_13_fu_3842_p3  |    select|   0|  0|   6|           1|           6|
    |select_ln51_14_fu_3978_p3  |    select|   0|  0|   6|           1|           6|
    |select_ln51_15_fu_4114_p3  |    select|   0|  0|   6|           1|           6|
    |select_ln51_16_fu_4250_p3  |    select|   0|  0|   6|           1|           6|
    |select_ln51_17_fu_4386_p3  |    select|   0|  0|   6|           1|           6|
    |select_ln51_18_fu_4522_p3  |    select|   0|  0|   6|           1|           6|
    |select_ln51_19_fu_4658_p3  |    select|   0|  0|   6|           1|           6|
    |select_ln51_1_fu_2210_p3   |    select|   0|  0|   6|           1|           6|
    |select_ln51_20_fu_4794_p3  |    select|   0|  0|   6|           1|           6|
    |select_ln51_21_fu_4930_p3  |    select|   0|  0|   6|           1|           6|
    |select_ln51_22_fu_5066_p3  |    select|   0|  0|   6|           1|           6|
    |select_ln51_23_fu_5202_p3  |    select|   0|  0|   6|           1|           6|
    |select_ln51_2_fu_2346_p3   |    select|   0|  0|   6|           1|           6|
    |select_ln51_3_fu_2482_p3   |    select|   0|  0|   6|           1|           6|
    |select_ln51_4_fu_2618_p3   |    select|   0|  0|   6|           1|           6|
    |select_ln51_5_fu_2754_p3   |    select|   0|  0|   6|           1|           6|
    |select_ln51_6_fu_2890_p3   |    select|   0|  0|   6|           1|           6|
    |select_ln51_7_fu_3026_p3   |    select|   0|  0|   6|           1|           6|
    |select_ln51_8_fu_3162_p3   |    select|   0|  0|   6|           1|           6|
    |select_ln51_9_fu_3298_p3   |    select|   0|  0|   6|           1|           6|
    |select_ln51_fu_2074_p3     |    select|   0|  0|   6|           1|           6|
    |select_ln52_10_fu_3426_p3  |    select|   0|  0|   6|           1|           6|
    |select_ln52_11_fu_3562_p3  |    select|   0|  0|   6|           1|           6|
    |select_ln52_12_fu_3698_p3  |    select|   0|  0|   6|           1|           6|
    |select_ln52_13_fu_3834_p3  |    select|   0|  0|   6|           1|           6|
    |select_ln52_14_fu_3970_p3  |    select|   0|  0|   6|           1|           6|
    |select_ln52_15_fu_4106_p3  |    select|   0|  0|   6|           1|           6|
    |select_ln52_16_fu_4242_p3  |    select|   0|  0|   6|           1|           6|
    |select_ln52_17_fu_4378_p3  |    select|   0|  0|   6|           1|           6|
    |select_ln52_18_fu_4514_p3  |    select|   0|  0|   6|           1|           6|
    |select_ln52_19_fu_4650_p3  |    select|   0|  0|   6|           1|           6|
    |select_ln52_1_fu_2202_p3   |    select|   0|  0|   6|           1|           6|
    |select_ln52_20_fu_4786_p3  |    select|   0|  0|   6|           1|           6|
    |select_ln52_21_fu_4922_p3  |    select|   0|  0|   6|           1|           6|
    |select_ln52_22_fu_5058_p3  |    select|   0|  0|   6|           1|           6|
    |select_ln52_23_fu_5194_p3  |    select|   0|  0|   6|           1|           6|
    |select_ln52_2_fu_2338_p3   |    select|   0|  0|   6|           1|           6|
    |select_ln52_3_fu_2474_p3   |    select|   0|  0|   6|           1|           6|
    |select_ln52_4_fu_2610_p3   |    select|   0|  0|   6|           1|           6|
    |select_ln52_5_fu_2746_p3   |    select|   0|  0|   6|           1|           6|
    |select_ln52_6_fu_2882_p3   |    select|   0|  0|   6|           1|           6|
    |select_ln52_7_fu_3018_p3   |    select|   0|  0|   6|           1|           6|
    |select_ln52_8_fu_3154_p3   |    select|   0|  0|   6|           1|           6|
    |select_ln52_9_fu_3290_p3   |    select|   0|  0|   6|           1|           6|
    |select_ln52_fu_2066_p3     |    select|   0|  0|   6|           1|           6|
    |ap_enable_pp0              |       xor|   0|  0|   2|           1|           2|
    |xor_ln52_100_fu_1776_p2    |       xor|   0|  0|   2|           1|           2|
    |xor_ln52_101_fu_1912_p2    |       xor|   0|  0|   2|           1|           2|
    |xor_ln52_102_fu_2048_p2    |       xor|   0|  0|   2|           1|           2|
    |xor_ln52_103_fu_2184_p2    |       xor|   0|  0|   2|           1|           2|
    |xor_ln52_104_fu_2320_p2    |       xor|   0|  0|   2|           1|           2|
    |xor_ln52_105_fu_2456_p2    |       xor|   0|  0|   2|           1|           2|
    |xor_ln52_106_fu_2592_p2    |       xor|   0|  0|   2|           1|           2|
    |xor_ln52_107_fu_2728_p2    |       xor|   0|  0|   2|           1|           2|
    |xor_ln52_108_fu_2864_p2    |       xor|   0|  0|   2|           1|           2|
    |xor_ln52_109_fu_3000_p2    |       xor|   0|  0|   2|           1|           2|
    |xor_ln52_110_fu_3136_p2    |       xor|   0|  0|   2|           1|           2|
    |xor_ln52_111_fu_3272_p2    |       xor|   0|  0|   2|           1|           2|
    |xor_ln52_112_fu_3408_p2    |       xor|   0|  0|   2|           1|           2|
    |xor_ln52_113_fu_3544_p2    |       xor|   0|  0|   2|           1|           2|
    |xor_ln52_114_fu_3680_p2    |       xor|   0|  0|   2|           1|           2|
    |xor_ln52_115_fu_3816_p2    |       xor|   0|  0|   2|           1|           2|
    |xor_ln52_116_fu_3952_p2    |       xor|   0|  0|   2|           1|           2|
    |xor_ln52_117_fu_4088_p2    |       xor|   0|  0|   2|           1|           2|
    |xor_ln52_118_fu_4224_p2    |       xor|   0|  0|   2|           1|           2|
    |xor_ln52_119_fu_4360_p2    |       xor|   0|  0|   2|           1|           2|
    |xor_ln52_120_fu_4496_p2    |       xor|   0|  0|   2|           1|           2|
    |xor_ln52_121_fu_4632_p2    |       xor|   0|  0|   2|           1|           2|
    |xor_ln52_122_fu_4768_p2    |       xor|   0|  0|   2|           1|           2|
    |xor_ln52_123_fu_4904_p2    |       xor|   0|  0|   2|           1|           2|
    |xor_ln52_124_fu_5040_p2    |       xor|   0|  0|   2|           1|           2|
    |xor_ln52_125_fu_5176_p2    |       xor|   0|  0|   2|           1|           2|
    |xor_ln52_95_fu_1096_p2     |       xor|   0|  0|   2|           1|           2|
    |xor_ln52_96_fu_1232_p2     |       xor|   0|  0|   2|           1|           2|
    |xor_ln52_97_fu_1368_p2     |       xor|   0|  0|   2|           1|           2|
    |xor_ln52_98_fu_1504_p2     |       xor|   0|  0|   2|           1|           2|
    |xor_ln52_99_fu_1640_p2     |       xor|   0|  0|   2|           1|           2|
    |xor_ln52_fu_960_p2         |       xor|   0|  0|   2|           1|           2|
    +---------------------------+----------+----+---+----+------------+------------+
    |Total                      |          |   0|  0|3330|        1937|         876|
    +---------------------------+----------+----+---+----+------------+------------+

    * Multiplexer: 
    +-------------------------+----+-----------+-----+-----------+
    |           Name          | LUT| Input Size| Bits| Total Bits|
    +-------------------------+----+-----------+-----+-----------+
    |ap_done_int              |   9|          2|    1|          2|
    |ap_enable_reg_pp0_iter1  |   9|          2|    1|          2|
    |ap_sig_allocacmp_i_13    |   9|          2|    7|         14|
    |i_fu_508                 |   9|          2|    7|         14|
    |layer2_out_blk_n         |   9|          2|    1|          2|
    |layer4_out_blk_n         |   9|          2|    1|          2|
    |real_start               |   9|          2|    1|          2|
    +-------------------------+----+-----------+-----+-----------+
    |Total                    |  63|         14|   19|         38|
    +-------------------------+----+-----------+-----+-----------+

    * Register: 
    +----------------------------------+---+----+-----+-----------+
    |               Name               | FF| LUT| Bits| Const Bits|
    +----------------------------------+---+----+-----+-----------+
    |ap_CS_fsm                         |  1|   0|    1|          0|
    |ap_done_reg                       |  1|   0|    1|          0|
    |ap_enable_reg_pp0_iter1           |  1|   0|    1|          0|
    |ap_enable_reg_pp0_iter2           |  1|   0|    1|          0|
    |ap_loop_exit_ready_pp0_iter1_reg  |  1|   0|    1|          0|
    |i_fu_508                          |  7|   0|    7|          0|
    |out_data_31_reg_5258              |  6|   0|    6|          0|
    |out_data_33_reg_5263              |  6|   0|    6|          0|
    |out_data_35_reg_5268              |  6|   0|    6|          0|
    |out_data_37_reg_5273              |  6|   0|    6|          0|
    |out_data_39_reg_5278              |  6|   0|    6|          0|
    |out_data_41_reg_5283              |  6|   0|    6|          0|
    |out_data_43_reg_5288              |  6|   0|    6|          0|
    |out_data_45_reg_5293              |  6|   0|    6|          0|
    |select_ln51_10_reg_5348           |  6|   0|    6|          0|
    |select_ln51_11_reg_5353           |  6|   0|    6|          0|
    |select_ln51_12_reg_5358           |  6|   0|    6|          0|
    |select_ln51_13_reg_5363           |  6|   0|    6|          0|
    |select_ln51_14_reg_5368           |  6|   0|    6|          0|
    |select_ln51_15_reg_5373           |  6|   0|    6|          0|
    |select_ln51_16_reg_5378           |  6|   0|    6|          0|
    |select_ln51_17_reg_5383           |  6|   0|    6|          0|
    |select_ln51_18_reg_5388           |  6|   0|    6|          0|
    |select_ln51_19_reg_5393           |  6|   0|    6|          0|
    |select_ln51_1_reg_5303            |  6|   0|    6|          0|
    |select_ln51_20_reg_5398           |  6|   0|    6|          0|
    |select_ln51_21_reg_5403           |  6|   0|    6|          0|
    |select_ln51_22_reg_5408           |  6|   0|    6|          0|
    |select_ln51_23_reg_5413           |  6|   0|    6|          0|
    |select_ln51_2_reg_5308            |  6|   0|    6|          0|
    |select_ln51_3_reg_5313            |  6|   0|    6|          0|
    |select_ln51_4_reg_5318            |  6|   0|    6|          0|
    |select_ln51_5_reg_5323            |  6|   0|    6|          0|
    |select_ln51_6_reg_5328            |  6|   0|    6|          0|
    |select_ln51_7_reg_5333            |  6|   0|    6|          0|
    |select_ln51_8_reg_5338            |  6|   0|    6|          0|
    |select_ln51_9_reg_5343            |  6|   0|    6|          0|
    |select_ln51_reg_5298              |  6|   0|    6|          0|
    |start_once_reg                    |  1|   0|    1|          0|
    +----------------------------------+---+----+-----+-----------+
    |Total                             |205|   0|  205|          0|
    +----------------------------------+---+----+-----+-----------+



================================================================
== Interface
================================================================
* Summary: 
+---------------------------+-----+-----+------------+------------------------------------------------------------------------+--------------+
|         RTL Ports         | Dir | Bits|  Protocol  |                              Source Object                             |    C Type    |
+---------------------------+-----+-----+------------+------------------------------------------------------------------------+--------------+
|ap_clk                     |   in|    1|  ap_ctrl_hs|  relu<array<ap_fixed,32u>,array<ap_ufixed<6,0,4,0,0>,32u>,relu_config4>|  return value|
|ap_rst                     |   in|    1|  ap_ctrl_hs|  relu<array<ap_fixed,32u>,array<ap_ufixed<6,0,4,0,0>,32u>,relu_config4>|  return value|
|ap_start                   |   in|    1|  ap_ctrl_hs|  relu<array<ap_fixed,32u>,array<ap_ufixed<6,0,4,0,0>,32u>,relu_config4>|  return value|
|start_full_n               |   in|    1|  ap_ctrl_hs|  relu<array<ap_fixed,32u>,array<ap_ufixed<6,0,4,0,0>,32u>,relu_config4>|  return value|
|ap_done                    |  out|    1|  ap_ctrl_hs|  relu<array<ap_fixed,32u>,array<ap_ufixed<6,0,4,0,0>,32u>,relu_config4>|  return value|
|ap_continue                |   in|    1|  ap_ctrl_hs|  relu<array<ap_fixed,32u>,array<ap_ufixed<6,0,4,0,0>,32u>,relu_config4>|  return value|
|ap_idle                    |  out|    1|  ap_ctrl_hs|  relu<array<ap_fixed,32u>,array<ap_ufixed<6,0,4,0,0>,32u>,relu_config4>|  return value|
|ap_ready                   |  out|    1|  ap_ctrl_hs|  relu<array<ap_fixed,32u>,array<ap_ufixed<6,0,4,0,0>,32u>,relu_config4>|  return value|
|start_out                  |  out|    1|  ap_ctrl_hs|  relu<array<ap_fixed,32u>,array<ap_ufixed<6,0,4,0,0>,32u>,relu_config4>|  return value|
|start_write                |  out|    1|  ap_ctrl_hs|  relu<array<ap_fixed,32u>,array<ap_ufixed<6,0,4,0,0>,32u>,relu_config4>|  return value|
|layer2_out_dout            |   in|  864|     ap_fifo|                                                              layer2_out|       pointer|
|layer2_out_num_data_valid  |   in|    8|     ap_fifo|                                                              layer2_out|       pointer|
|layer2_out_fifo_cap        |   in|    8|     ap_fifo|                                                              layer2_out|       pointer|
|layer2_out_empty_n         |   in|    1|     ap_fifo|                                                              layer2_out|       pointer|
|layer2_out_read            |  out|    1|     ap_fifo|                                                              layer2_out|       pointer|
|layer4_out_din             |  out|  192|     ap_fifo|                                                              layer4_out|       pointer|
|layer4_out_num_data_valid  |   in|    8|     ap_fifo|                                                              layer4_out|       pointer|
|layer4_out_fifo_cap        |   in|    8|     ap_fifo|                                                              layer4_out|       pointer|
|layer4_out_full_n          |   in|    1|     ap_fifo|                                                              layer4_out|       pointer|
|layer4_out_write           |  out|    1|     ap_fifo|                                                              layer4_out|       pointer|
+---------------------------+-----+-----+------------+------------------------------------------------------------------------+--------------+

