

================================================================
== Vitis HLS Report for 'resize_nearest_array_ap_ufixed_6_0_4_0_0_64u_config11_s'
================================================================
* Date:           Wed May  6 12:32:40 2026

* Version:        2023.1 (Build 3854077 on May  4 2023)
* Project:        myproject_prj
* Solution:       solution1 (Vivado IP Flow Target)
* Product family: zynquplusRFSOC
* Target device:  xczu49dr-ffvf1760-2-e


================================================================
== Performance Estimates
================================================================
+ Timing: 
    * Summary: 
    +--------+---------+----------+------------+
    |  Clock |  Target | Estimated| Uncertainty|
    +--------+---------+----------+------------+
    |ap_clk  |  5.00 ns|  3.447 ns|     1.35 ns|
    +--------+---------+----------+------------+

+ Latency: 
    * Summary: 
    +---------+---------+----------+----------+-----+-----+---------+
    |  Latency (cycles) |  Latency (absolute) |  Interval | Pipeline|
    |   min   |   max   |    min   |    max   | min | max |   Type  |
    +---------+---------+----------+----------+-----+-----+---------+
    |       79|       79|  0.395 us|  0.395 us|   79|   79|       no|
    +---------+---------+----------+----------+-----+-----+---------+

    + Detail: 
        * Instance: 
        N/A

        * Loop: 
        N/A



================================================================
== Utilization Estimates
================================================================
* Summary: 
+-----------------+---------+------+--------+--------+-----+
|       Name      | BRAM_18K|  DSP |   FF   |   LUT  | URAM|
+-----------------+---------+------+--------+--------+-----+
|DSP              |        -|     -|       -|       -|    -|
|Expression       |        -|     -|       0|       4|    -|
|FIFO             |        -|     -|       -|       -|    -|
|Instance         |        -|     -|       -|       -|    -|
|Memory           |        -|     -|       -|       -|    -|
|Multiplexer      |        -|     -|       -|     477|    -|
|Register         |        -|     -|     466|       -|    -|
+-----------------+---------+------+--------+--------+-----+
|Total            |        0|     0|     466|     481|    0|
+-----------------+---------+------+--------+--------+-----+
|Available        |     2160|  4272|  850560|  425280|   80|
+-----------------+---------+------+--------+--------+-----+
|Utilization (%)  |        0|     0|      ~0|      ~0|    0|
+-----------------+---------+------+--------+--------+-----+

+ Detail: 
    * Instance: 
    N/A

    * DSP: 
    N/A

    * Memory: 
    N/A

    * FIFO: 
    N/A

    * Expression: 
    +------------------+----------+----+---+----+------------+------------+
    |   Variable Name  | Operation| DSP| FF| LUT| Bitwidth P0| Bitwidth P1|
    +------------------+----------+----+---+----+------------+------------+
    |ap_block_state1   |        or|   0|  0|   2|           1|           1|
    |ap_block_state11  |        or|   0|  0|   2|           1|           1|
    +------------------+----------+----+---+----+------------+------------+
    |Total             |          |   0|  0|   4|           2|           2|
    +------------------+----------+----+---+----+------------+------------+

    * Multiplexer: 
    +-------------------+-----+-----------+-----+-----------+
    |        Name       | LUT | Input Size| Bits| Total Bits|
    +-------------------+-----+-----------+-----+-----------+
    |ap_NS_fsm          |  427|         81|    1|         81|
    |ap_done            |    9|          2|    1|          2|
    |layer10_out_blk_n  |    9|          2|    1|          2|
    |layer11_out_blk_n  |    9|          2|    1|          2|
    |layer11_out_din    |   14|          3|  384|       1152|
    |real_start         |    9|          2|    1|          2|
    +-------------------+-----+-----------+-----+-----------+
    |Total              |  477|         92|  389|       1241|
    +-------------------+-----+-----------+-----+-----------+

    * Register: 
    +----------------+-----+----+-----+-----------+
    |      Name      |  FF | LUT| Bits| Const Bits|
    +----------------+-----+----+-----+-----------+
    |ap_CS_fsm       |   80|   0|   80|          0|
    |ap_done_reg     |    1|   0|    1|          0|
    |reg_32          |  384|   0|  384|          0|
    |start_once_reg  |    1|   0|    1|          0|
    +----------------+-----+----+-----+-----------+
    |Total           |  466|   0|  466|          0|
    +----------------+-----+----+-----+-----------+



================================================================
== Interface
================================================================
* Summary: 
+----------------------------+-----+-----+------------+----------------------------------------------------------------+--------------+
|          RTL Ports         | Dir | Bits|  Protocol  |                          Source Object                         |    C Type    |
+----------------------------+-----+-----+------------+----------------------------------------------------------------+--------------+
|ap_clk                      |   in|    1|  ap_ctrl_hs|  resize_nearest<array<ap_ufixed<6, 0, 4, 0, 0>, 64u>, config11>|  return value|
|ap_rst                      |   in|    1|  ap_ctrl_hs|  resize_nearest<array<ap_ufixed<6, 0, 4, 0, 0>, 64u>, config11>|  return value|
|ap_start                    |   in|    1|  ap_ctrl_hs|  resize_nearest<array<ap_ufixed<6, 0, 4, 0, 0>, 64u>, config11>|  return value|
|start_full_n                |   in|    1|  ap_ctrl_hs|  resize_nearest<array<ap_ufixed<6, 0, 4, 0, 0>, 64u>, config11>|  return value|
|ap_done                     |  out|    1|  ap_ctrl_hs|  resize_nearest<array<ap_ufixed<6, 0, 4, 0, 0>, 64u>, config11>|  return value|
|ap_continue                 |   in|    1|  ap_ctrl_hs|  resize_nearest<array<ap_ufixed<6, 0, 4, 0, 0>, 64u>, config11>|  return value|
|ap_idle                     |  out|    1|  ap_ctrl_hs|  resize_nearest<array<ap_ufixed<6, 0, 4, 0, 0>, 64u>, config11>|  return value|
|ap_ready                    |  out|    1|  ap_ctrl_hs|  resize_nearest<array<ap_ufixed<6, 0, 4, 0, 0>, 64u>, config11>|  return value|
|start_out                   |  out|    1|  ap_ctrl_hs|  resize_nearest<array<ap_ufixed<6, 0, 4, 0, 0>, 64u>, config11>|  return value|
|start_write                 |  out|    1|  ap_ctrl_hs|  resize_nearest<array<ap_ufixed<6, 0, 4, 0, 0>, 64u>, config11>|  return value|
|layer10_out_dout            |   in|  384|     ap_fifo|                                                     layer10_out|       pointer|
|layer10_out_num_data_valid  |   in|    7|     ap_fifo|                                                     layer10_out|       pointer|
|layer10_out_fifo_cap        |   in|    7|     ap_fifo|                                                     layer10_out|       pointer|
|layer10_out_empty_n         |   in|    1|     ap_fifo|                                                     layer10_out|       pointer|
|layer10_out_read            |  out|    1|     ap_fifo|                                                     layer10_out|       pointer|
|layer11_out_din             |  out|  384|     ap_fifo|                                                     layer11_out|       pointer|
|layer11_out_num_data_valid  |   in|    8|     ap_fifo|                                                     layer11_out|       pointer|
|layer11_out_fifo_cap        |   in|    8|     ap_fifo|                                                     layer11_out|       pointer|
|layer11_out_full_n          |   in|    1|     ap_fifo|                                                     layer11_out|       pointer|
|layer11_out_write           |  out|    1|     ap_fifo|                                                     layer11_out|       pointer|
+----------------------------+-----+-----+------------+----------------------------------------------------------------+--------------+

