

================================================================
== Vitis HLS Report for 'zeropad1d_cl_array_array_ap_ufixed_6_0_4_0_0_64u_config21_s'
================================================================
* Date:           Wed May  6 12:32:40 2026

* Version:        2023.1 (Build 3854077 on May  4 2023)
* Project:        myproject_prj
* Solution:       solution1 (Vivado IP Flow Target)
* Product family: zynquplusRFSOC
* Target device:  xczu49dr-ffvf1760-2-e


================================================================
== Performance Estimates
================================================================
+ Timing: 
    * Summary: 
    +--------+---------+----------+------------+
    |  Clock |  Target | Estimated| Uncertainty|
    +--------+---------+----------+------------+
    |ap_clk  |  5.00 ns|  3.278 ns|     1.35 ns|
    +--------+---------+----------+------------+

+ Latency: 
    * Summary: 
    +---------+---------+----------+----------+-----+-----+---------+
    |  Latency (cycles) |  Latency (absolute) |  Interval | Pipeline|
    |   min   |   max   |    min   |    max   | min | max |   Type  |
    +---------+---------+----------+----------+-----+-----+---------+
    |       85|       85|  0.425 us|  0.425 us|   85|   85|       no|
    +---------+---------+----------+----------+-----+-----+---------+

    + Detail: 
        * Instance: 
        +---------------------------------------------------------------------------------------+-----------------------------------------------------------------------------+---------+---------+----------+----------+-----+-----+---------+
        |                                                                                       |                                                                             |  Latency (cycles) |  Latency (absolute) |  Interval | Pipeline|
        |                                        Instance                                       |                                    Module                                   |   min   |   max   |    min   |    max   | min | max |   Type  |
        +---------------------------------------------------------------------------------------+-----------------------------------------------------------------------------+---------+---------+----------+----------+-----+-----+---------+
        |grp_zeropad1d_cl_array_array_ap_ufixed_6_0_4_0_0_64u_config21_Pipeline_CopyMain_fu_30  |zeropad1d_cl_array_array_ap_ufixed_6_0_4_0_0_64u_config21_Pipeline_CopyMain  |       82|       82|  0.410 us|  0.410 us|   82|   82|       no|
        +---------------------------------------------------------------------------------------+-----------------------------------------------------------------------------+---------+---------+----------+----------+-----+-----+---------+

        * Loop: 
        N/A



================================================================
== Utilization Estimates
================================================================
* Summary: 
+-----------------+---------+------+--------+--------+-----+
|       Name      | BRAM_18K|  DSP |   FF   |   LUT  | URAM|
+-----------------+---------+------+--------+--------+-----+
|DSP              |        -|     -|       -|       -|    -|
|Expression       |        -|     -|       0|       2|    -|
|FIFO             |        -|     -|       -|       -|    -|
|Instance         |        -|     -|      10|      88|    -|
|Memory           |        -|     -|       -|       -|    -|
|Multiplexer      |        -|     -|       -|      85|    -|
|Register         |        -|     -|       7|       -|    -|
+-----------------+---------+------+--------+--------+-----+
|Total            |        0|     0|      17|     175|    0|
+-----------------+---------+------+--------+--------+-----+
|Available        |     2160|  4272|  850560|  425280|   80|
+-----------------+---------+------+--------+--------+-----+
|Utilization (%)  |        0|     0|      ~0|      ~0|    0|
+-----------------+---------+------+--------+--------+-----+

+ Detail: 
    * Instance: 
    +---------------------------------------------------------------------------------------+-----------------------------------------------------------------------------+---------+----+----+----+-----+
    |                                        Instance                                       |                                    Module                                   | BRAM_18K| DSP| FF | LUT| URAM|
    +---------------------------------------------------------------------------------------+-----------------------------------------------------------------------------+---------+----+----+----+-----+
    |grp_zeropad1d_cl_array_array_ap_ufixed_6_0_4_0_0_64u_config21_Pipeline_CopyMain_fu_30  |zeropad1d_cl_array_array_ap_ufixed_6_0_4_0_0_64u_config21_Pipeline_CopyMain  |        0|   0|  10|  88|    0|
    +---------------------------------------------------------------------------------------+-----------------------------------------------------------------------------+---------+----+----+----+-----+
    |Total                                                                                  |                                                                             |        0|   0|  10|  88|    0|
    +---------------------------------------------------------------------------------------+-----------------------------------------------------------------------------+---------+----+----+----+-----+

    * DSP: 
    N/A

    * Memory: 
    N/A

    * FIFO: 
    N/A

    * Expression: 
    +-----------------+----------+----+---+----+------------+------------+
    |  Variable Name  | Operation| DSP| FF| LUT| Bitwidth P0| Bitwidth P1|
    +-----------------+----------+----+---+----+------------+------------+
    |ap_block_state1  |        or|   0|  0|   2|           1|           1|
    +-----------------+----------+----+---+----+------------+------------+
    |Total            |          |   0|  0|   2|           1|           1|
    +-----------------+----------+----+---+----+------------+------------+

    * Multiplexer: 
    +-------------------+----+-----------+-----+-----------+
    |        Name       | LUT| Input Size| Bits| Total Bits|
    +-------------------+----+-----------+-----+-----------+
    |ap_NS_fsm          |  26|          5|    1|          5|
    |ap_done            |   9|          2|    1|          2|
    |layer11_out_read   |   9|          2|    1|          2|
    |layer21_out_blk_n  |   9|          2|    1|          2|
    |layer21_out_din    |   9|          2|  384|        768|
    |layer21_out_write  |  14|          3|    1|          3|
    |real_start         |   9|          2|    1|          2|
    +-------------------+----+-----------+-----+-----------+
    |Total              |  85|         18|  390|        784|
    +-------------------+----+-----------+-----+-----------+

    * Register: 
    +----------------------------------------------------------------------------------------------------+---+----+-----+-----------+
    |                                                Name                                                | FF| LUT| Bits| Const Bits|
    +----------------------------------------------------------------------------------------------------+---+----+-----+-----------+
    |ap_CS_fsm                                                                                           |  4|   0|    4|          0|
    |ap_done_reg                                                                                         |  1|   0|    1|          0|
    |grp_zeropad1d_cl_array_array_ap_ufixed_6_0_4_0_0_64u_config21_Pipeline_CopyMain_fu_30_ap_start_reg  |  1|   0|    1|          0|
    |start_once_reg                                                                                      |  1|   0|    1|          0|
    +----------------------------------------------------------------------------------------------------+---+----+-----+-----------+
    |Total                                                                                               |  7|   0|    7|          0|
    +----------------------------------------------------------------------------------------------------+---+----+-----+-----------+



================================================================
== Interface
================================================================
* Summary: 
+----------------------------+-----+-----+------------+--------------------------------------------------------------+--------------+
|          RTL Ports         | Dir | Bits|  Protocol  |                         Source Object                        |    C Type    |
+----------------------------+-----+-----+------------+--------------------------------------------------------------+--------------+
|ap_clk                      |   in|    1|  ap_ctrl_hs|  zeropad1d_cl<array,array<ap_ufixed<6,0,4,0,0>,64u>,config21>|  return value|
|ap_rst                      |   in|    1|  ap_ctrl_hs|  zeropad1d_cl<array,array<ap_ufixed<6,0,4,0,0>,64u>,config21>|  return value|
|ap_start                    |   in|    1|  ap_ctrl_hs|  zeropad1d_cl<array,array<ap_ufixed<6,0,4,0,0>,64u>,config21>|  return value|
|start_full_n                |   in|    1|  ap_ctrl_hs|  zeropad1d_cl<array,array<ap_ufixed<6,0,4,0,0>,64u>,config21>|  return value|
|ap_done                     |  out|    1|  ap_ctrl_hs|  zeropad1d_cl<array,array<ap_ufixed<6,0,4,0,0>,64u>,config21>|  return value|
|ap_continue                 |   in|    1|  ap_ctrl_hs|  zeropad1d_cl<array,array<ap_ufixed<6,0,4,0,0>,64u>,config21>|  return value|
|ap_idle                     |  out|    1|  ap_ctrl_hs|  zeropad1d_cl<array,array<ap_ufixed<6,0,4,0,0>,64u>,config21>|  return value|
|ap_ready                    |  out|    1|  ap_ctrl_hs|  zeropad1d_cl<array,array<ap_ufixed<6,0,4,0,0>,64u>,config21>|  return value|
|start_out                   |  out|    1|  ap_ctrl_hs|  zeropad1d_cl<array,array<ap_ufixed<6,0,4,0,0>,64u>,config21>|  return value|
|start_write                 |  out|    1|  ap_ctrl_hs|  zeropad1d_cl<array,array<ap_ufixed<6,0,4,0,0>,64u>,config21>|  return value|
|layer11_out_dout            |   in|  384|     ap_fifo|                                                   layer11_out|       pointer|
|layer11_out_num_data_valid  |   in|    8|     ap_fifo|                                                   layer11_out|       pointer|
|layer11_out_fifo_cap        |   in|    8|     ap_fifo|                                                   layer11_out|       pointer|
|layer11_out_empty_n         |   in|    1|     ap_fifo|                                                   layer11_out|       pointer|
|layer11_out_read            |  out|    1|     ap_fifo|                                                   layer11_out|       pointer|
|layer21_out_din             |  out|  384|     ap_fifo|                                                   layer21_out|       pointer|
|layer21_out_num_data_valid  |   in|    8|     ap_fifo|                                                   layer21_out|       pointer|
|layer21_out_fifo_cap        |   in|    8|     ap_fifo|                                                   layer21_out|       pointer|
|layer21_out_full_n          |   in|    1|     ap_fifo|                                                   layer21_out|       pointer|
|layer21_out_write           |  out|    1|     ap_fifo|                                                   layer21_out|       pointer|
+----------------------------+-----+-----+------------+--------------------------------------------------------------+--------------+

