

================================================================
== Vitis HLS Report for 'conv_1d_cl_array_array_ap_fixed_22_11_5_3_0_32u_config5_s'
================================================================
* Date:           Wed May  6 12:32:12 2026

* Version:        2023.1 (Build 3854077 on May  4 2023)
* Project:        myproject_prj
* Solution:       solution1 (Vivado IP Flow Target)
* Product family: zynquplusRFSOC
* Target device:  xczu49dr-ffvf1760-2-e


================================================================
== Performance Estimates
================================================================
+ Timing: 
    * Summary: 
    +--------+---------+----------+------------+
    |  Clock |  Target | Estimated| Uncertainty|
    +--------+---------+----------+------------+
    |ap_clk  |  5.00 ns|  3.649 ns|     1.35 ns|
    +--------+---------+----------+------------+

+ Latency: 
    * Summary: 
    +---------+---------+----------+----------+-----+-----+---------+
    |  Latency (cycles) |  Latency (absolute) |  Interval | Pipeline|
    |   min   |   max   |    min   |    max   | min | max |   Type  |
    +---------+---------+----------+----------+-----+-----+---------+
    |      489|      489|  2.445 us|  2.445 us|  489|  489|       no|
    +---------+---------+----------+----------+-----+-----+---------+

    + Detail: 
        * Instance: 
        +------------------------------------------------------------------------------------+-------------------------------------------------------------------------+---------+---------+-----------+-----------+-----+-----+---------+
        |                                                                                    |                                                                         |  Latency (cycles) |   Latency (absolute)  |  Interval | Pipeline|
        |                                      Instance                                      |                                  Module                                 |   min   |   max   |    min    |    max    | min | max |   Type  |
        +------------------------------------------------------------------------------------+-------------------------------------------------------------------------+---------+---------+-----------+-----------+-----+-----+---------+
        |grp_compute_output_buffer_1d_array_array_ap_fixed_22_11_5_3_0_32u_config5_s_fu_368  |compute_output_buffer_1d_array_array_ap_fixed_22_11_5_3_0_32u_config5_s  |        6|        6|  30.000 ns|  30.000 ns|    6|    6|      yes|
        +------------------------------------------------------------------------------------+-------------------------------------------------------------------------+---------+---------+-----------+-----------+-----+-----+---------+

        * Loop: 
        +------------------+---------+---------+----------+-----------+-----------+------+----------+
        |                  |  Latency (cycles) | Iteration|  Initiation Interval  | Trip |          |
        |     Loop Name    |   min   |   max   |  Latency |  achieved |   target  | Count| Pipelined|
        +------------------+---------+---------+----------+-----------+-----------+------+----------+
        |- ReadInputWidth  |      487|      487|         8|          6|          1|    81|       yes|
        +------------------+---------+---------+----------+-----------+-----------+------+----------+



================================================================
== Utilization Estimates
================================================================
* Summary: 
+-----------------+---------+------+--------+--------+-----+
|       Name      | BRAM_18K|  DSP |   FF   |   LUT  | URAM|
+-----------------+---------+------+--------+--------+-----+
|DSP              |        -|     -|       -|       -|    -|
|Expression       |        -|     -|       0|      40|    -|
|FIFO             |        -|     -|       -|       -|    -|
|Instance         |        -|     0|   12468|   68357|    -|
|Memory           |        -|     -|       -|       -|    -|
|Multiplexer      |        -|     -|       -|     127|    -|
|Register         |        -|     -|      19|       -|    -|
+-----------------+---------+------+--------+--------+-----+
|Total            |        0|     0|   12487|   68524|    0|
+-----------------+---------+------+--------+--------+-----+
|Available        |     2160|  4272|  850560|  425280|   80|
+-----------------+---------+------+--------+--------+-----+
|Utilization (%)  |        0|     0|       1|      16|    0|
+-----------------+---------+------+--------+--------+-----+

+ Detail: 
    * Instance: 
    +------------------------------------------------------------------------------------+-------------------------------------------------------------------------+---------+----+-------+-------+-----+
    |                                      Instance                                      |                                  Module                                 | BRAM_18K| DSP|   FF  |  LUT  | URAM|
    +------------------------------------------------------------------------------------+-------------------------------------------------------------------------+---------+----+-------+-------+-----+
    |grp_compute_output_buffer_1d_array_array_ap_fixed_22_11_5_3_0_32u_config5_s_fu_368  |compute_output_buffer_1d_array_array_ap_fixed_22_11_5_3_0_32u_config5_s  |        0|   0|  12468|  68357|    0|
    +------------------------------------------------------------------------------------+-------------------------------------------------------------------------+---------+----+-------+-------+-----+
    |Total                                                                               |                                                                         |        0|   0|  12468|  68357|    0|
    +------------------------------------------------------------------------------------+-------------------------------------------------------------------------+---------+----+-------+-------+-----+

    * DSP: 
    N/A

    * Memory: 
    N/A

    * FIFO: 
    N/A

    * Expression: 
    +------------------------------------------+----------+----+---+----+------------+------------+
    |               Variable Name              | Operation| DSP| FF| LUT| Bitwidth P0| Bitwidth P1|
    +------------------------------------------+----------+----+---+----+------------+------------+
    |i_iw_6_fu_616_p2                          |         +|   0|  0|  14|           7|           1|
    |ap_block_pp0_stage0_11001                 |       and|   0|  0|   2|           1|           1|
    |ap_block_pp0_stage1_11001_ignoreCallOp54  |       and|   0|  0|   2|           1|           1|
    |ap_block_state2_pp0_stage1_iter0          |       and|   0|  0|   2|           1|           1|
    |ap_condition_225                          |       and|   0|  0|   2|           1|           1|
    |icmp_ln22_fu_610_p2                       |      icmp|   0|  0|  14|           7|           7|
    |ap_block_pp0_stage1_11001                 |        or|   0|  0|   2|           1|           1|
    |ap_enable_pp0                             |       xor|   0|  0|   2|           1|           2|
    +------------------------------------------+----------+----+---+----+------------+------------+
    |Total                                     |          |   0|  0|  40|          20|          15|
    +------------------------------------------+----------+----+---+----+------------+------------+

    * Multiplexer: 
    +-----------------------------+----+-----------+-----+-----------+
    |             Name            | LUT| Input Size| Bits| Total Bits|
    +-----------------------------+----+-----------+-----+-----------+
    |ap_NS_fsm                    |  37|          7|    1|          7|
    |ap_done_int                  |   9|          2|    1|          2|
    |ap_enable_reg_pp0_iter0      |   9|          2|    1|          2|
    |ap_enable_reg_pp0_iter0_reg  |   9|          2|    1|          2|
    |ap_enable_reg_pp0_iter1      |   9|          2|    1|          2|
    |ap_sig_allocacmp_i_iw        |   9|          2|    7|         14|
    |i_iw_01_fu_358               |   9|          2|    7|         14|
    |layer19_out_blk_n            |   9|          2|    1|          2|
    |layer5_out_blk_n             |   9|          2|    1|          2|
    |layer5_out_write             |   9|          2|    1|          2|
    |real_start                   |   9|          2|    1|          2|
    +-----------------------------+----+-----------+-----+-----------+
    |Total                        | 127|         27|   23|         51|
    +-----------------------------+----+-----------+-----+-----------+

    * Register: 
    +-------------------------------------------------------------------------------------------------+---+----+-----+-----------+
    |                                               Name                                              | FF| LUT| Bits| Const Bits|
    +-------------------------------------------------------------------------------------------------+---+----+-----+-----------+
    |ap_CS_fsm                                                                                        |  6|   0|    6|          0|
    |ap_done_reg                                                                                      |  1|   0|    1|          0|
    |ap_enable_reg_pp0_iter0_reg                                                                      |  1|   0|    1|          0|
    |ap_enable_reg_pp0_iter1                                                                          |  1|   0|    1|          0|
    |grp_compute_output_buffer_1d_array_array_ap_fixed_22_11_5_3_0_32u_config5_s_fu_368_ap_start_reg  |  1|   0|    1|          0|
    |i_iw_01_fu_358                                                                                   |  7|   0|    7|          0|
    |icmp_ln22_reg_980                                                                                |  1|   0|    1|          0|
    |start_once_reg                                                                                   |  1|   0|    1|          0|
    +-------------------------------------------------------------------------------------------------+---+----+-----+-----------+
    |Total                                                                                            | 19|   0|   19|          0|
    +-------------------------------------------------------------------------------------------------+---+----+-----+-----------+



================================================================
== Interface
================================================================
* Summary: 
+----------------------------+-----+-----+------------+------------------------------------------------------------+--------------+
|          RTL Ports         | Dir | Bits|  Protocol  |                        Source Object                       |    C Type    |
+----------------------------+-----+-----+------------+------------------------------------------------------------+--------------+
|ap_clk                      |   in|    1|  ap_ctrl_hs|  conv_1d_cl<array,array<ap_fixed<22,11,5,3,0>,32u>,config5>|  return value|
|ap_rst                      |   in|    1|  ap_ctrl_hs|  conv_1d_cl<array,array<ap_fixed<22,11,5,3,0>,32u>,config5>|  return value|
|ap_start                    |   in|    1|  ap_ctrl_hs|  conv_1d_cl<array,array<ap_fixed<22,11,5,3,0>,32u>,config5>|  return value|
|start_full_n                |   in|    1|  ap_ctrl_hs|  conv_1d_cl<array,array<ap_fixed<22,11,5,3,0>,32u>,config5>|  return value|
|ap_done                     |  out|    1|  ap_ctrl_hs|  conv_1d_cl<array,array<ap_fixed<22,11,5,3,0>,32u>,config5>|  return value|
|ap_continue                 |   in|    1|  ap_ctrl_hs|  conv_1d_cl<array,array<ap_fixed<22,11,5,3,0>,32u>,config5>|  return value|
|ap_idle                     |  out|    1|  ap_ctrl_hs|  conv_1d_cl<array,array<ap_fixed<22,11,5,3,0>,32u>,config5>|  return value|
|ap_ready                    |  out|    1|  ap_ctrl_hs|  conv_1d_cl<array,array<ap_fixed<22,11,5,3,0>,32u>,config5>|  return value|
|start_out                   |  out|    1|  ap_ctrl_hs|  conv_1d_cl<array,array<ap_fixed<22,11,5,3,0>,32u>,config5>|  return value|
|start_write                 |  out|    1|  ap_ctrl_hs|  conv_1d_cl<array,array<ap_fixed<22,11,5,3,0>,32u>,config5>|  return value|
|layer19_out_dout            |   in|  192|     ap_fifo|                                                 layer19_out|       pointer|
|layer19_out_num_data_valid  |   in|    8|     ap_fifo|                                                 layer19_out|       pointer|
|layer19_out_fifo_cap        |   in|    8|     ap_fifo|                                                 layer19_out|       pointer|
|layer19_out_empty_n         |   in|    1|     ap_fifo|                                                 layer19_out|       pointer|
|layer19_out_read            |  out|    1|     ap_fifo|                                                 layer19_out|       pointer|
|layer5_out_din              |  out|  704|     ap_fifo|                                                  layer5_out|       pointer|
|layer5_out_num_data_valid   |   in|    7|     ap_fifo|                                                  layer5_out|       pointer|
|layer5_out_fifo_cap         |   in|    7|     ap_fifo|                                                  layer5_out|       pointer|
|layer5_out_full_n           |   in|    1|     ap_fifo|                                                  layer5_out|       pointer|
|layer5_out_write            |  out|    1|     ap_fifo|                                                  layer5_out|       pointer|
+----------------------------+-----+-----+------------+------------------------------------------------------------+--------------+

