

================================================================
== Vitis HLS Report for 'pointwise_conv_1d_cl_array_array_ap_fixed_20_9_5_3_0_1u_config22_s'
================================================================
* Date:           Wed May  6 12:33:08 2026

* Version:        2023.1 (Build 3854077 on May  4 2023)
* Project:        myproject_prj
* Solution:       solution1 (Vivado IP Flow Target)
* Product family: zynquplusRFSOC
* Target device:  xczu49dr-ffvf1760-2-e


================================================================
== Performance Estimates
================================================================
+ Timing: 
    * Summary: 
    +--------+---------+----------+------------+
    |  Clock |  Target | Estimated| Uncertainty|
    +--------+---------+----------+------------+
    |ap_clk  |  5.00 ns|  3.415 ns|     1.35 ns|
    +--------+---------+----------+------------+

+ Latency: 
    * Summary: 
    +---------+---------+----------+----------+-----+-----+---------+
    |  Latency (cycles) |  Latency (absolute) |  Interval | Pipeline|
    |   min   |   max   |    min   |    max   | min | max |   Type  |
    +---------+---------+----------+----------+-----+-----+---------+
    |       85|       85|  0.425 us|  0.425 us|   85|   85|       no|
    +---------+---------+----------+----------+-----+-----+---------+

    + Detail: 
        * Instance: 
        N/A

        * Loop: 
        +------------------+---------+---------+----------+-----------+-----------+------+----------+
        |                  |  Latency (cycles) | Iteration|  Initiation Interval  | Trip |          |
        |     Loop Name    |   min   |   max   |  Latency |  achieved |   target  | Count| Pipelined|
        +------------------+---------+---------+----------+-----------+-----------+------+----------+
        |- ReadInputWidth  |       83|       83|         5|          1|          1|    80|       yes|
        +------------------+---------+---------+----------+-----------+-----------+------+----------+



================================================================
== Utilization Estimates
================================================================
* Summary: 
+-----------------+---------+------+--------+--------+-----+
|       Name      | BRAM_18K|  DSP |   FF   |   LUT  | URAM|
+-----------------+---------+------+--------+--------+-----+
|DSP              |        -|     -|       -|       -|    -|
|Expression       |        -|     -|       0|    1009|    -|
|FIFO             |        -|     -|       -|       -|    -|
|Instance         |        -|     0|       0|      46|    -|
|Memory           |        -|     -|       -|       -|    -|
|Multiplexer      |        -|     -|       -|      63|    -|
|Register         |        -|     -|     402|      64|    -|
+-----------------+---------+------+--------+--------+-----+
|Total            |        0|     0|     402|    1182|    0|
+-----------------+---------+------+--------+--------+-----+
|Available        |     2160|  4272|  850560|  425280|   80|
+-----------------+---------+------+--------+--------+-----+
|Utilization (%)  |        0|     0|      ~0|      ~0|    0|
+-----------------+---------+------+--------+--------+-----+

+ Detail: 
    * Instance: 
    +-------------------------+--------------------+---------+----+---+----+-----+
    |         Instance        |       Module       | BRAM_18K| DSP| FF| LUT| URAM|
    +-------------------------+--------------------+---------+----+---+----+-----+
    |mul_6ns_5ns_10_1_0_U649  |mul_6ns_5ns_10_1_0  |        0|   0|  0|  23|    0|
    |mul_6ns_5ns_10_1_0_U650  |mul_6ns_5ns_10_1_0  |        0|   0|  0|  23|    0|
    +-------------------------+--------------------+---------+----+---+----+-----+
    |Total                    |                    |        0|   0|  0|  46|    0|
    +-------------------------+--------------------+---------+----+---+----+-----+

    * DSP: 
    N/A

    * Memory: 
    N/A

    * FIFO: 
    N/A

    * Expression: 
    +---------------------------+----------+----+---+----+------------+------------+
    |       Variable Name       | Operation| DSP| FF| LUT| Bitwidth P0| Bitwidth P1|
    +---------------------------+----------+----+---+----+------------+------------+
    |add_ln58_10_fu_1527_p2     |         +|   0|  0|  17|          13|          13|
    |add_ln58_11_fu_1650_p2     |         +|   0|  0|  21|          14|          14|
    |add_ln58_12_fu_1517_p2     |         +|   0|  0|  18|          11|          11|
    |add_ln58_13_fu_1660_p2     |         +|   0|  0|  16|          16|          16|
    |add_ln58_14_fu_1147_p2     |         +|   0|  0|  17|          11|          11|
    |add_ln58_15_fu_1669_p2     |         +|   0|  0|  16|          16|          16|
    |add_ln58_16_fu_1157_p2     |         +|   0|  0|  19|          12|          12|
    |add_ln58_17_fu_1679_p2     |         +|   0|  0|  24|          17|          17|
    |add_ln58_18_fu_1533_p2     |         +|   0|  0|  19|          12|          12|
    |add_ln58_19_fu_1543_p2     |         +|   0|  0|  22|          15|          15|
    |add_ln58_1_fu_1119_p2      |         +|   0|  0|  18|           9|           9|
    |add_ln58_20_fu_1688_p2     |         +|   0|  0|  17|          17|          17|
    |add_ln58_21_fu_1549_p2     |         +|   0|  0|  17|          11|          11|
    |add_ln58_22_fu_1555_p2     |         +|   0|  0|  17|          11|          11|
    |add_ln58_23_fu_1568_p2     |         +|   0|  0|  17|          12|          12|
    |add_ln58_24_fu_1574_p2     |         +|   0|  0|  17|          12|          12|
    |add_ln58_25_fu_1697_p2     |         +|   0|  0|  17|          17|          17|
    |add_ln58_26_fu_1742_p2     |         +|   0|  0|  18|          18|          18|
    |add_ln58_27_fu_1169_p2     |         +|   0|  0|  18|          10|          10|
    |add_ln58_28_fu_1751_p2     |         +|   0|  0|  18|          18|          18|
    |add_ln58_2_fu_1463_p2      |         +|   0|  0|  17|          11|          11|
    |add_ln58_3_fu_1135_p2      |         +|   0|  0|  16|           9|           9|
    |add_ln58_4_fu_1482_p2      |         +|   0|  0|  17|          11|          11|
    |add_ln58_5_fu_1472_p2      |         +|   0|  0|  17|          10|          10|
    |add_ln58_6_fu_1492_p2      |         +|   0|  0|  17|          12|          12|
    |add_ln58_7_fu_1501_p2      |         +|   0|  0|  17|          12|          12|
    |add_ln58_8_fu_1141_p2      |         +|   0|  0|  18|          10|          10|
    |add_ln58_9_fu_1511_p2      |         +|   0|  0|  17|          13|          13|
    |add_ln58_fu_1129_p2        |         +|   0|  0|  17|          10|          10|
    |add_ln73_1_fu_913_p2       |         +|   0|  0|  16|           9|           9|
    |add_ln73_2_fu_943_p2       |         +|   0|  0|  18|          10|          10|
    |add_ln73_3_fu_1253_p2      |         +|   0|  0|  18|          11|          11|
    |add_ln73_4_fu_1273_p2      |         +|   0|  0|  16|           9|           9|
    |add_ln73_5_fu_981_p2       |         +|   0|  0|  17|          11|          11|
    |add_ln73_fu_809_p2         |         +|   0|  0|  18|           9|           9|
    |i_iw_2_fu_504_p2           |         +|   0|  0|  14|           7|           1|
    |sub_ln58_fu_1163_p2        |         -|   0|  0|  16|           9|           9|
    |sub_ln73_10_fu_1622_p2     |         -|   0|  0|  17|          10|          10|
    |sub_ln73_11_fu_1294_p2     |         -|   0|  0|  17|           1|          10|
    |sub_ln73_12_fu_1315_p2     |         -|   0|  0|  18|          11|          11|
    |sub_ln73_13_fu_1332_p2     |         -|   0|  0|  17|           1|          10|
    |sub_ln73_14_fu_1360_p2     |         -|   0|  0|  17|          10|          10|
    |sub_ln73_15_fu_873_p2      |         -|   0|  0|  16|           9|           9|
    |sub_ln73_16_fu_1387_p2     |         -|   0|  0|  17|          10|          10|
    |sub_ln73_17_fu_1404_p2     |         -|   0|  0|  17|           1|          10|
    |sub_ln73_18_fu_1725_p2     |         -|   0|  0|  18|          11|          11|
    |sub_ln73_19_fu_1075_p2     |         -|   0|  0|  18|          10|          10|
    |sub_ln73_1_fu_831_p2       |         -|   0|  0|  16|           1|           9|
    |sub_ln73_2_fu_841_p2       |         -|   0|  0|  17|          10|          10|
    |sub_ln73_3_fu_891_p2       |         -|   0|  0|  15|           1|           8|
    |sub_ln73_4_fu_1189_p2      |         -|   0|  0|  18|           1|          11|
    |sub_ln73_5_fu_1199_p2      |         -|   0|  0|  19|          12|          12|
    |sub_ln73_6_fu_1219_p2      |         -|   0|  0|  16|           1|           9|
    |sub_ln73_7_fu_1229_p2      |         -|   0|  0|  17|          10|          10|
    |sub_ln73_8_fu_1602_p2      |         -|   0|  0|  18|          11|          11|
    |sub_ln73_9_fu_1011_p2      |         -|   0|  0|  18|          11|          11|
    |sub_ln73_fu_851_p2         |         -|   0|  0|  14|           1|           7|
    |ap_condition_189           |       and|   0|  0|   2|           1|           1|
    |icmp_ln53_fu_498_p2        |      icmp|   0|  0|  14|           7|           7|
    |ap_block_pp0_stage0_01001  |        or|   0|  0|   2|           1|           1|
    |ap_enable_pp0              |       xor|   0|  0|   2|           1|           2|
    +---------------------------+----------+----+---+----+------------+------------+
    |Total                      |          |   0|  0|1009|         588|         649|
    +---------------------------+----------+----+---+----+------------+------------+

    * Multiplexer: 
    +-------------------------+----+-----------+-----+-----------+
    |           Name          | LUT| Input Size| Bits| Total Bits|
    +-------------------------+----+-----------+-----+-----------+
    |ap_done_int              |   9|          2|    1|          2|
    |ap_enable_reg_pp0_iter1  |   9|          2|    1|          2|
    |ap_sig_allocacmp_i_iw_1  |   9|          2|    7|         14|
    |i_iw_fu_188              |   9|          2|    7|         14|
    |layer14_out_blk_n        |   9|          2|    1|          2|
    |layer15_out_blk_n        |   9|          2|    1|          2|
    |real_start               |   9|          2|    1|          2|
    +-------------------------+----+-----------+-----+-----------+
    |Total                    |  63|         14|   19|         38|
    +-------------------------+----+-----------+-----+-----------+

    * Register: 
    +-------------------------------------+----+----+-----+-----------+
    |                 Name                | FF | LUT| Bits| Const Bits|
    +-------------------------------------+----+----+-----+-----------+
    |add_ln58_10_reg_1903                 |  13|   0|   13|          0|
    |add_ln58_16_reg_1883                 |  11|   0|   12|          1|
    |add_ln58_16_reg_1883_pp0_iter2_reg   |  11|   0|   12|          1|
    |add_ln58_19_reg_1908                 |  15|   0|   15|          0|
    |add_ln58_24_reg_1913                 |  12|   0|   12|          0|
    |add_ln58_25_reg_1918                 |  17|   0|   17|          0|
    |add_ln58_27_reg_1893                 |  10|   0|   10|          0|
    |add_ln58_3_reg_1873                  |   9|   0|    9|          0|
    |add_ln58_8_reg_1878                  |  10|   0|   10|          0|
    |add_ln58_reg_1868                    |  10|   0|   10|          0|
    |add_ln73_4_reg_1898                  |   9|   0|    9|          0|
    |ap_CS_fsm                            |   1|   0|    1|          0|
    |ap_done_reg                          |   1|   0|    1|          0|
    |ap_enable_reg_pp0_iter1              |   1|   0|    1|          0|
    |ap_enable_reg_pp0_iter2              |   1|   0|    1|          0|
    |ap_enable_reg_pp0_iter3              |   1|   0|    1|          0|
    |ap_enable_reg_pp0_iter4              |   1|   0|    1|          0|
    |ap_loop_exit_ready_pp0_iter1_reg     |   1|   0|    1|          0|
    |ap_loop_exit_ready_pp0_iter2_reg     |   1|   0|    1|          0|
    |ap_loop_exit_ready_pp0_iter3_reg     |   1|   0|    1|          0|
    |data_18_reg_1773                     |   6|   0|    6|          0|
    |data_19_reg_1779                     |   6|   0|    6|          0|
    |data_20_reg_1785                     |   6|   0|    6|          0|
    |data_21_reg_1790                     |   6|   0|    6|          0|
    |data_22_reg_1796                     |   6|   0|    6|          0|
    |data_23_reg_1808                     |   6|   0|    6|          0|
    |data_23_reg_1808_pp0_iter2_reg       |   6|   0|    6|          0|
    |data_24_reg_1814                     |   6|   0|    6|          0|
    |data_26_reg_1841                     |   6|   0|    6|          0|
    |i_iw_fu_188                          |   7|   0|    7|          0|
    |start_once_reg                       |   1|   0|    1|          0|
    |sub_ln58_reg_1888                    |   9|   0|    9|          0|
    |sub_ln73_15_reg_1852                 |   9|   0|    9|          0|
    |sub_ln73_2_reg_1847                  |  10|   0|   10|          0|
    |tmp_2_reg_1857                       |   6|   0|    6|          0|
    |tmp_3_reg_1862                       |   6|   0|    6|          0|
    |trunc_ln56_5_reg_1819                |   6|   0|    6|          0|
    |trunc_ln56_6_reg_1825                |   6|   0|    6|          0|
    |trunc_ln56_8_reg_1830                |   6|   0|    6|          0|
    |trunc_ln56_9_reg_1836                |   6|   0|    6|          0|
    |trunc_ln56_s_reg_1802                |   6|   0|    6|          0|
    |trunc_ln56_s_reg_1802_pp0_iter2_reg  |   6|   0|    6|          0|
    |add_ln58_27_reg_1893                 |  64|  32|   10|          0|
    |tmp_3_reg_1862                       |  64|  32|    6|          0|
    +-------------------------------------+----+----+-----+-----------+
    |Total                                | 402|  64|  292|          2|
    +-------------------------------------+----+----+-----+-----------+



================================================================
== Interface
================================================================
* Summary: 
+----------------------------+-----+-----+------------+---------------------------------------------------------------------+--------------+
|          RTL Ports         | Dir | Bits|  Protocol  |                            Source Object                            |    C Type    |
+----------------------------+-----+-----+------------+---------------------------------------------------------------------+--------------+
|ap_clk                      |   in|    1|  ap_ctrl_hs|  pointwise_conv_1d_cl<array,array<ap_fixed<20,9,5,3,0>,1u>,config22>|  return value|
|ap_rst                      |   in|    1|  ap_ctrl_hs|  pointwise_conv_1d_cl<array,array<ap_fixed<20,9,5,3,0>,1u>,config22>|  return value|
|ap_start                    |   in|    1|  ap_ctrl_hs|  pointwise_conv_1d_cl<array,array<ap_fixed<20,9,5,3,0>,1u>,config22>|  return value|
|start_full_n                |   in|    1|  ap_ctrl_hs|  pointwise_conv_1d_cl<array,array<ap_fixed<20,9,5,3,0>,1u>,config22>|  return value|
|ap_done                     |  out|    1|  ap_ctrl_hs|  pointwise_conv_1d_cl<array,array<ap_fixed<20,9,5,3,0>,1u>,config22>|  return value|
|ap_continue                 |   in|    1|  ap_ctrl_hs|  pointwise_conv_1d_cl<array,array<ap_fixed<20,9,5,3,0>,1u>,config22>|  return value|
|ap_idle                     |  out|    1|  ap_ctrl_hs|  pointwise_conv_1d_cl<array,array<ap_fixed<20,9,5,3,0>,1u>,config22>|  return value|
|ap_ready                    |  out|    1|  ap_ctrl_hs|  pointwise_conv_1d_cl<array,array<ap_fixed<20,9,5,3,0>,1u>,config22>|  return value|
|start_out                   |  out|    1|  ap_ctrl_hs|  pointwise_conv_1d_cl<array,array<ap_fixed<20,9,5,3,0>,1u>,config22>|  return value|
|start_write                 |  out|    1|  ap_ctrl_hs|  pointwise_conv_1d_cl<array,array<ap_fixed<20,9,5,3,0>,1u>,config22>|  return value|
|layer14_out_dout            |   in|  192|     ap_fifo|                                                          layer14_out|       pointer|
|layer14_out_num_data_valid  |   in|    8|     ap_fifo|                                                          layer14_out|       pointer|
|layer14_out_fifo_cap        |   in|    8|     ap_fifo|                                                          layer14_out|       pointer|
|layer14_out_empty_n         |   in|    1|     ap_fifo|                                                          layer14_out|       pointer|
|layer14_out_read            |  out|    1|     ap_fifo|                                                          layer14_out|       pointer|
|layer15_out_din             |  out|   20|     ap_fifo|                                                          layer15_out|       pointer|
|layer15_out_num_data_valid  |   in|    8|     ap_fifo|                                                          layer15_out|       pointer|
|layer15_out_fifo_cap        |   in|    8|     ap_fifo|                                                          layer15_out|       pointer|
|layer15_out_full_n          |   in|    1|     ap_fifo|                                                          layer15_out|       pointer|
|layer15_out_write           |  out|    1|     ap_fifo|                                                          layer15_out|       pointer|
+----------------------------+-----+-----+------------+---------------------------------------------------------------------+--------------+

