

================================================================
== Vitis HLS Report for 'relu_array_ap_fixed_64u_array_ap_ufixed_6_0_4_0_0_64u_relu_config10_s'
================================================================
* Date:           Wed May  6 12:32:39 2026

* Version:        2023.1 (Build 3854077 on May  4 2023)
* Project:        myproject_prj
* Solution:       solution1 (Vivado IP Flow Target)
* Product family: zynquplusRFSOC
* Target device:  xczu49dr-ffvf1760-2-e


================================================================
== Performance Estimates
================================================================
+ Timing: 
    * Summary: 
    +--------+---------+----------+------------+
    |  Clock |  Target | Estimated| Uncertainty|
    +--------+---------+----------+------------+
    |ap_clk  |  5.00 ns|  3.391 ns|     1.35 ns|
    +--------+---------+----------+------------+

+ Latency: 
    * Summary: 
    +---------+---------+----------+----------+-----+-----+---------+
    |  Latency (cycles) |  Latency (absolute) |  Interval | Pipeline|
    |   min   |   max   |    min   |    max   | min | max |   Type  |
    +---------+---------+----------+----------+-----+-----+---------+
    |       43|       43|  0.215 us|  0.215 us|   43|   43|       no|
    +---------+---------+----------+----------+-----+-----+---------+

    + Detail: 
        * Instance: 
        N/A

        * Loop: 
        +---------------+---------+---------+----------+-----------+-----------+------+----------+
        |               |  Latency (cycles) | Iteration|  Initiation Interval  | Trip |          |
        |   Loop Name   |   min   |   max   |  Latency |  achieved |   target  | Count| Pipelined|
        +---------------+---------+---------+----------+-----------+-----------+------+----------+
        |- ReLUActLoop  |       41|       41|         3|          1|          1|    40|       yes|
        +---------------+---------+---------+----------+-----------+-----------+------+----------+



================================================================
== Utilization Estimates
================================================================
* Summary: 
+-----------------+---------+------+--------+--------+-----+
|       Name      | BRAM_18K|  DSP |   FF   |   LUT  | URAM|
+-----------------+---------+------+--------+--------+-----+
|DSP              |        -|     -|       -|       -|    -|
|Expression       |        -|     -|       0|    6048|    -|
|FIFO             |        -|     -|       -|       -|    -|
|Instance         |        -|     -|       -|       -|    -|
|Memory           |        -|     -|       -|       -|    -|
|Multiplexer      |        -|     -|       -|      63|    -|
|Register         |        -|     -|    1932|       -|    -|
+-----------------+---------+------+--------+--------+-----+
|Total            |        0|     0|    1932|    6111|    0|
+-----------------+---------+------+--------+--------+-----+
|Available        |     2160|  4272|  850560|  425280|   80|
+-----------------+---------+------+--------+--------+-----+
|Utilization (%)  |        0|     0|      ~0|       1|    0|
+-----------------+---------+------+--------+--------+-----+

+ Detail: 
    * Instance: 
    N/A

    * DSP: 
    N/A

    * Memory: 
    N/A

    * FIFO: 
    N/A

    * Expression: 
    +---------------------------+----------+----+---+----+------------+------------+
    |       Variable Name       | Operation| DSP| FF| LUT| Bitwidth P0| Bitwidth P1|
    +---------------------------+----------+----+---+----+------------+------------+
    |add_ln52_10_fu_2546_p2     |         +|   0|  0|  13|           6|           6|
    |add_ln52_11_fu_2632_p2     |         +|   0|  0|  13|           6|           6|
    |add_ln52_12_fu_2718_p2     |         +|   0|  0|  13|           6|           6|
    |add_ln52_13_fu_2804_p2     |         +|   0|  0|  13|           6|           6|
    |add_ln52_14_fu_2890_p2     |         +|   0|  0|  13|           6|           6|
    |add_ln52_15_fu_2976_p2     |         +|   0|  0|  13|           6|           6|
    |add_ln52_16_fu_3062_p2     |         +|   0|  0|  13|           6|           6|
    |add_ln52_17_fu_3148_p2     |         +|   0|  0|  13|           6|           6|
    |add_ln52_18_fu_3234_p2     |         +|   0|  0|  13|           6|           6|
    |add_ln52_19_fu_3320_p2     |         +|   0|  0|  13|           6|           6|
    |add_ln52_1_fu_1772_p2      |         +|   0|  0|  13|           6|           6|
    |add_ln52_20_fu_3406_p2     |         +|   0|  0|  13|           6|           6|
    |add_ln52_21_fu_3492_p2     |         +|   0|  0|  13|           6|           6|
    |add_ln52_22_fu_3578_p2     |         +|   0|  0|  13|           6|           6|
    |add_ln52_23_fu_3664_p2     |         +|   0|  0|  13|           6|           6|
    |add_ln52_24_fu_3750_p2     |         +|   0|  0|  13|           6|           6|
    |add_ln52_25_fu_3836_p2     |         +|   0|  0|  13|           6|           6|
    |add_ln52_26_fu_3922_p2     |         +|   0|  0|  13|           6|           6|
    |add_ln52_27_fu_4008_p2     |         +|   0|  0|  13|           6|           6|
    |add_ln52_28_fu_4094_p2     |         +|   0|  0|  13|           6|           6|
    |add_ln52_29_fu_4180_p2     |         +|   0|  0|  13|           6|           6|
    |add_ln52_2_fu_1858_p2      |         +|   0|  0|  13|           6|           6|
    |add_ln52_30_fu_4266_p2     |         +|   0|  0|  13|           6|           6|
    |add_ln52_31_fu_4352_p2     |         +|   0|  0|  13|           6|           6|
    |add_ln52_32_fu_4438_p2     |         +|   0|  0|  13|           6|           6|
    |add_ln52_33_fu_4524_p2     |         +|   0|  0|  13|           6|           6|
    |add_ln52_34_fu_4610_p2     |         +|   0|  0|  13|           6|           6|
    |add_ln52_35_fu_4696_p2     |         +|   0|  0|  13|           6|           6|
    |add_ln52_36_fu_4782_p2     |         +|   0|  0|  13|           6|           6|
    |add_ln52_37_fu_4868_p2     |         +|   0|  0|  13|           6|           6|
    |add_ln52_38_fu_4954_p2     |         +|   0|  0|  13|           6|           6|
    |add_ln52_39_fu_5040_p2     |         +|   0|  0|  13|           6|           6|
    |add_ln52_3_fu_1944_p2      |         +|   0|  0|  13|           6|           6|
    |add_ln52_40_fu_5126_p2     |         +|   0|  0|  13|           6|           6|
    |add_ln52_41_fu_5212_p2     |         +|   0|  0|  13|           6|           6|
    |add_ln52_42_fu_5298_p2     |         +|   0|  0|  13|           6|           6|
    |add_ln52_43_fu_5384_p2     |         +|   0|  0|  13|           6|           6|
    |add_ln52_44_fu_5470_p2     |         +|   0|  0|  13|           6|           6|
    |add_ln52_45_fu_5556_p2     |         +|   0|  0|  13|           6|           6|
    |add_ln52_46_fu_5642_p2     |         +|   0|  0|  13|           6|           6|
    |add_ln52_47_fu_5728_p2     |         +|   0|  0|  13|           6|           6|
    |add_ln52_48_fu_5814_p2     |         +|   0|  0|  13|           6|           6|
    |add_ln52_49_fu_5900_p2     |         +|   0|  0|  13|           6|           6|
    |add_ln52_4_fu_2030_p2      |         +|   0|  0|  13|           6|           6|
    |add_ln52_50_fu_5986_p2     |         +|   0|  0|  13|           6|           6|
    |add_ln52_51_fu_6072_p2     |         +|   0|  0|  13|           6|           6|
    |add_ln52_52_fu_6158_p2     |         +|   0|  0|  13|           6|           6|
    |add_ln52_53_fu_6244_p2     |         +|   0|  0|  13|           6|           6|
    |add_ln52_54_fu_6330_p2     |         +|   0|  0|  13|           6|           6|
    |add_ln52_55_fu_6416_p2     |         +|   0|  0|  13|           6|           6|
    |add_ln52_56_fu_6502_p2     |         +|   0|  0|  13|           6|           6|
    |add_ln52_57_fu_6588_p2     |         +|   0|  0|  13|           6|           6|
    |add_ln52_58_fu_6674_p2     |         +|   0|  0|  13|           6|           6|
    |add_ln52_59_fu_6760_p2     |         +|   0|  0|  13|           6|           6|
    |add_ln52_5_fu_2116_p2      |         +|   0|  0|  13|           6|           6|
    |add_ln52_60_fu_6846_p2     |         +|   0|  0|  13|           6|           6|
    |add_ln52_61_fu_6932_p2     |         +|   0|  0|  13|           6|           6|
    |add_ln52_62_fu_7018_p2     |         +|   0|  0|  13|           6|           6|
    |add_ln52_63_fu_7104_p2     |         +|   0|  0|  13|           6|           6|
    |add_ln52_6_fu_2202_p2      |         +|   0|  0|  13|           6|           6|
    |add_ln52_7_fu_2288_p2      |         +|   0|  0|  13|           6|           6|
    |add_ln52_8_fu_2374_p2      |         +|   0|  0|  13|           6|           6|
    |add_ln52_9_fu_2460_p2      |         +|   0|  0|  13|           6|           6|
    |add_ln52_fu_1686_p2        |         +|   0|  0|  13|           6|           6|
    |i_10_fu_983_p2             |         +|   0|  0|  13|           6|           1|
    |and_ln52_100_fu_5976_p2    |       and|   0|  0|   2|           1|           1|
    |and_ln52_101_fu_9402_p2    |       and|   0|  0|   2|           1|           1|
    |and_ln52_102_fu_6062_p2    |       and|   0|  0|   2|           1|           1|
    |and_ln52_103_fu_9447_p2    |       and|   0|  0|   2|           1|           1|
    |and_ln52_104_fu_6148_p2    |       and|   0|  0|   2|           1|           1|
    |and_ln52_105_fu_9492_p2    |       and|   0|  0|   2|           1|           1|
    |and_ln52_106_fu_6234_p2    |       and|   0|  0|   2|           1|           1|
    |and_ln52_107_fu_9537_p2    |       and|   0|  0|   2|           1|           1|
    |and_ln52_108_fu_6320_p2    |       and|   0|  0|   2|           1|           1|
    |and_ln52_109_fu_9582_p2    |       and|   0|  0|   2|           1|           1|
    |and_ln52_10_fu_2106_p2     |       and|   0|  0|   2|           1|           1|
    |and_ln52_110_fu_6406_p2    |       and|   0|  0|   2|           1|           1|
    |and_ln52_111_fu_9627_p2    |       and|   0|  0|   2|           1|           1|
    |and_ln52_112_fu_6492_p2    |       and|   0|  0|   2|           1|           1|
    |and_ln52_113_fu_9672_p2    |       and|   0|  0|   2|           1|           1|
    |and_ln52_114_fu_6578_p2    |       and|   0|  0|   2|           1|           1|
    |and_ln52_115_fu_9717_p2    |       and|   0|  0|   2|           1|           1|
    |and_ln52_116_fu_6664_p2    |       and|   0|  0|   2|           1|           1|
    |and_ln52_117_fu_9762_p2    |       and|   0|  0|   2|           1|           1|
    |and_ln52_118_fu_6750_p2    |       and|   0|  0|   2|           1|           1|
    |and_ln52_119_fu_9807_p2    |       and|   0|  0|   2|           1|           1|
    |and_ln52_11_fu_7377_p2     |       and|   0|  0|   2|           1|           1|
    |and_ln52_120_fu_6836_p2    |       and|   0|  0|   2|           1|           1|
    |and_ln52_121_fu_9852_p2    |       and|   0|  0|   2|           1|           1|
    |and_ln52_122_fu_6922_p2    |       and|   0|  0|   2|           1|           1|
    |and_ln52_123_fu_9897_p2    |       and|   0|  0|   2|           1|           1|
    |and_ln52_124_fu_7008_p2    |       and|   0|  0|   2|           1|           1|
    |and_ln52_125_fu_9942_p2    |       and|   0|  0|   2|           1|           1|
    |and_ln52_126_fu_7094_p2    |       and|   0|  0|   2|           1|           1|
    |and_ln52_127_fu_9987_p2    |       and|   0|  0|   2|           1|           1|
    |and_ln52_12_fu_2192_p2     |       and|   0|  0|   2|           1|           1|
    |and_ln52_13_fu_7422_p2     |       and|   0|  0|   2|           1|           1|
    |and_ln52_14_fu_2278_p2     |       and|   0|  0|   2|           1|           1|
    |and_ln52_15_fu_7467_p2     |       and|   0|  0|   2|           1|           1|
    |and_ln52_16_fu_2364_p2     |       and|   0|  0|   2|           1|           1|
    |and_ln52_17_fu_7512_p2     |       and|   0|  0|   2|           1|           1|
    |and_ln52_18_fu_2450_p2     |       and|   0|  0|   2|           1|           1|
    |and_ln52_19_fu_7557_p2     |       and|   0|  0|   2|           1|           1|
    |and_ln52_1_fu_7152_p2      |       and|   0|  0|   2|           1|           1|
    |and_ln52_20_fu_2536_p2     |       and|   0|  0|   2|           1|           1|
    |and_ln52_21_fu_7602_p2     |       and|   0|  0|   2|           1|           1|
    |and_ln52_22_fu_2622_p2     |       and|   0|  0|   2|           1|           1|
    |and_ln52_23_fu_7647_p2     |       and|   0|  0|   2|           1|           1|
    |and_ln52_24_fu_2708_p2     |       and|   0|  0|   2|           1|           1|
    |and_ln52_25_fu_7692_p2     |       and|   0|  0|   2|           1|           1|
    |and_ln52_26_fu_2794_p2     |       and|   0|  0|   2|           1|           1|
    |and_ln52_27_fu_7737_p2     |       and|   0|  0|   2|           1|           1|
    |and_ln52_28_fu_2880_p2     |       and|   0|  0|   2|           1|           1|
    |and_ln52_29_fu_7782_p2     |       and|   0|  0|   2|           1|           1|
    |and_ln52_2_fu_1762_p2      |       and|   0|  0|   2|           1|           1|
    |and_ln52_30_fu_2966_p2     |       and|   0|  0|   2|           1|           1|
    |and_ln52_31_fu_7827_p2     |       and|   0|  0|   2|           1|           1|
    |and_ln52_32_fu_3052_p2     |       and|   0|  0|   2|           1|           1|
    |and_ln52_33_fu_7872_p2     |       and|   0|  0|   2|           1|           1|
    |and_ln52_34_fu_3138_p2     |       and|   0|  0|   2|           1|           1|
    |and_ln52_35_fu_7917_p2     |       and|   0|  0|   2|           1|           1|
    |and_ln52_36_fu_3224_p2     |       and|   0|  0|   2|           1|           1|
    |and_ln52_37_fu_7962_p2     |       and|   0|  0|   2|           1|           1|
    |and_ln52_38_fu_3310_p2     |       and|   0|  0|   2|           1|           1|
    |and_ln52_39_fu_8007_p2     |       and|   0|  0|   2|           1|           1|
    |and_ln52_3_fu_7197_p2      |       and|   0|  0|   2|           1|           1|
    |and_ln52_40_fu_3396_p2     |       and|   0|  0|   2|           1|           1|
    |and_ln52_41_fu_8052_p2     |       and|   0|  0|   2|           1|           1|
    |and_ln52_42_fu_3482_p2     |       and|   0|  0|   2|           1|           1|
    |and_ln52_43_fu_8097_p2     |       and|   0|  0|   2|           1|           1|
    |and_ln52_44_fu_3568_p2     |       and|   0|  0|   2|           1|           1|
    |and_ln52_45_fu_8142_p2     |       and|   0|  0|   2|           1|           1|
    |and_ln52_46_fu_3654_p2     |       and|   0|  0|   2|           1|           1|
    |and_ln52_47_fu_8187_p2     |       and|   0|  0|   2|           1|           1|
    |and_ln52_48_fu_3740_p2     |       and|   0|  0|   2|           1|           1|
    |and_ln52_49_fu_8232_p2     |       and|   0|  0|   2|           1|           1|
    |and_ln52_4_fu_1848_p2      |       and|   0|  0|   2|           1|           1|
    |and_ln52_50_fu_3826_p2     |       and|   0|  0|   2|           1|           1|
    |and_ln52_51_fu_8277_p2     |       and|   0|  0|   2|           1|           1|
    |and_ln52_52_fu_3912_p2     |       and|   0|  0|   2|           1|           1|
    |and_ln52_53_fu_8322_p2     |       and|   0|  0|   2|           1|           1|
    |and_ln52_54_fu_3998_p2     |       and|   0|  0|   2|           1|           1|
    |and_ln52_55_fu_8367_p2     |       and|   0|  0|   2|           1|           1|
    |and_ln52_56_fu_4084_p2     |       and|   0|  0|   2|           1|           1|
    |and_ln52_57_fu_8412_p2     |       and|   0|  0|   2|           1|           1|
    |and_ln52_58_fu_4170_p2     |       and|   0|  0|   2|           1|           1|
    |and_ln52_59_fu_8457_p2     |       and|   0|  0|   2|           1|           1|
    |and_ln52_5_fu_7242_p2      |       and|   0|  0|   2|           1|           1|
    |and_ln52_60_fu_4256_p2     |       and|   0|  0|   2|           1|           1|
    |and_ln52_61_fu_8502_p2     |       and|   0|  0|   2|           1|           1|
    |and_ln52_62_fu_4342_p2     |       and|   0|  0|   2|           1|           1|
    |and_ln52_63_fu_8547_p2     |       and|   0|  0|   2|           1|           1|
    |and_ln52_64_fu_4428_p2     |       and|   0|  0|   2|           1|           1|
    |and_ln52_65_fu_8592_p2     |       and|   0|  0|   2|           1|           1|
    |and_ln52_66_fu_4514_p2     |       and|   0|  0|   2|           1|           1|
    |and_ln52_67_fu_8637_p2     |       and|   0|  0|   2|           1|           1|
    |and_ln52_68_fu_4600_p2     |       and|   0|  0|   2|           1|           1|
    |and_ln52_69_fu_8682_p2     |       and|   0|  0|   2|           1|           1|
    |and_ln52_6_fu_1934_p2      |       and|   0|  0|   2|           1|           1|
    |and_ln52_70_fu_4686_p2     |       and|   0|  0|   2|           1|           1|
    |and_ln52_71_fu_8727_p2     |       and|   0|  0|   2|           1|           1|
    |and_ln52_72_fu_4772_p2     |       and|   0|  0|   2|           1|           1|
    |and_ln52_73_fu_8772_p2     |       and|   0|  0|   2|           1|           1|
    |and_ln52_74_fu_4858_p2     |       and|   0|  0|   2|           1|           1|
    |and_ln52_75_fu_8817_p2     |       and|   0|  0|   2|           1|           1|
    |and_ln52_76_fu_4944_p2     |       and|   0|  0|   2|           1|           1|
    |and_ln52_77_fu_8862_p2     |       and|   0|  0|   2|           1|           1|
    |and_ln52_78_fu_5030_p2     |       and|   0|  0|   2|           1|           1|
    |and_ln52_79_fu_8907_p2     |       and|   0|  0|   2|           1|           1|
    |and_ln52_7_fu_7287_p2      |       and|   0|  0|   2|           1|           1|
    |and_ln52_80_fu_5116_p2     |       and|   0|  0|   2|           1|           1|
    |and_ln52_81_fu_8952_p2     |       and|   0|  0|   2|           1|           1|
    |and_ln52_82_fu_5202_p2     |       and|   0|  0|   2|           1|           1|
    |and_ln52_83_fu_8997_p2     |       and|   0|  0|   2|           1|           1|
    |and_ln52_84_fu_5288_p2     |       and|   0|  0|   2|           1|           1|
    |and_ln52_85_fu_9042_p2     |       and|   0|  0|   2|           1|           1|
    |and_ln52_86_fu_5374_p2     |       and|   0|  0|   2|           1|           1|
    |and_ln52_87_fu_9087_p2     |       and|   0|  0|   2|           1|           1|
    |and_ln52_88_fu_5460_p2     |       and|   0|  0|   2|           1|           1|
    |and_ln52_89_fu_9132_p2     |       and|   0|  0|   2|           1|           1|
    |and_ln52_8_fu_2020_p2      |       and|   0|  0|   2|           1|           1|
    |and_ln52_90_fu_5546_p2     |       and|   0|  0|   2|           1|           1|
    |and_ln52_91_fu_9177_p2     |       and|   0|  0|   2|           1|           1|
    |and_ln52_92_fu_5632_p2     |       and|   0|  0|   2|           1|           1|
    |and_ln52_93_fu_9222_p2     |       and|   0|  0|   2|           1|           1|
    |and_ln52_94_fu_5718_p2     |       and|   0|  0|   2|           1|           1|
    |and_ln52_95_fu_9267_p2     |       and|   0|  0|   2|           1|           1|
    |and_ln52_96_fu_5804_p2     |       and|   0|  0|   2|           1|           1|
    |and_ln52_97_fu_9312_p2     |       and|   0|  0|   2|           1|           1|
    |and_ln52_98_fu_5890_p2     |       and|   0|  0|   2|           1|           1|
    |and_ln52_99_fu_9357_p2     |       and|   0|  0|   2|           1|           1|
    |and_ln52_9_fu_7332_p2      |       and|   0|  0|   2|           1|           1|
    |and_ln52_fu_1676_p2        |       and|   0|  0|   2|           1|           1|
    |ap_condition_496           |       and|   0|  0|   2|           1|           1|
    |icmp_ln41_fu_977_p2        |      icmp|   0|  0|  13|           6|           6|
    |icmp_ln51_10_fu_2482_p2    |      icmp|   0|  0|  29|          22|           1|
    |icmp_ln51_11_fu_2568_p2    |      icmp|   0|  0|  29|          22|           1|
    |icmp_ln51_12_fu_2654_p2    |      icmp|   0|  0|  29|          22|           1|
    |icmp_ln51_13_fu_2740_p2    |      icmp|   0|  0|  29|          22|           1|
    |icmp_ln51_14_fu_2826_p2    |      icmp|   0|  0|  29|          22|           1|
    |icmp_ln51_15_fu_2912_p2    |      icmp|   0|  0|  29|          22|           1|
    |icmp_ln51_16_fu_2998_p2    |      icmp|   0|  0|  29|          22|           1|
    |icmp_ln51_17_fu_3084_p2    |      icmp|   0|  0|  29|          22|           1|
    |icmp_ln51_18_fu_3170_p2    |      icmp|   0|  0|  29|          22|           1|
    |icmp_ln51_19_fu_3256_p2    |      icmp|   0|  0|  29|          22|           1|
    |icmp_ln51_1_fu_1708_p2     |      icmp|   0|  0|  29|          22|           1|
    |icmp_ln51_20_fu_3342_p2    |      icmp|   0|  0|  29|          22|           1|
    |icmp_ln51_21_fu_3428_p2    |      icmp|   0|  0|  29|          22|           1|
    |icmp_ln51_22_fu_3514_p2    |      icmp|   0|  0|  29|          22|           1|
    |icmp_ln51_23_fu_3600_p2    |      icmp|   0|  0|  29|          22|           1|
    |icmp_ln51_24_fu_3686_p2    |      icmp|   0|  0|  29|          22|           1|
    |icmp_ln51_25_fu_3772_p2    |      icmp|   0|  0|  29|          22|           1|
    |icmp_ln51_26_fu_3858_p2    |      icmp|   0|  0|  29|          22|           1|
    |icmp_ln51_27_fu_3944_p2    |      icmp|   0|  0|  29|          22|           1|
    |icmp_ln51_28_fu_4030_p2    |      icmp|   0|  0|  29|          22|           1|
    |icmp_ln51_29_fu_4116_p2    |      icmp|   0|  0|  29|          22|           1|
    |icmp_ln51_2_fu_1794_p2     |      icmp|   0|  0|  29|          22|           1|
    |icmp_ln51_30_fu_4202_p2    |      icmp|   0|  0|  29|          22|           1|
    |icmp_ln51_31_fu_4288_p2    |      icmp|   0|  0|  29|          22|           1|
    |icmp_ln51_32_fu_4374_p2    |      icmp|   0|  0|  29|          22|           1|
    |icmp_ln51_33_fu_4460_p2    |      icmp|   0|  0|  29|          22|           1|
    |icmp_ln51_34_fu_4546_p2    |      icmp|   0|  0|  29|          22|           1|
    |icmp_ln51_35_fu_4632_p2    |      icmp|   0|  0|  29|          22|           1|
    |icmp_ln51_36_fu_4718_p2    |      icmp|   0|  0|  29|          22|           1|
    |icmp_ln51_37_fu_4804_p2    |      icmp|   0|  0|  29|          22|           1|
    |icmp_ln51_38_fu_4890_p2    |      icmp|   0|  0|  29|          22|           1|
    |icmp_ln51_39_fu_4976_p2    |      icmp|   0|  0|  29|          22|           1|
    |icmp_ln51_3_fu_1880_p2     |      icmp|   0|  0|  29|          22|           1|
    |icmp_ln51_40_fu_5062_p2    |      icmp|   0|  0|  29|          22|           1|
    |icmp_ln51_41_fu_5148_p2    |      icmp|   0|  0|  29|          22|           1|
    |icmp_ln51_42_fu_5234_p2    |      icmp|   0|  0|  29|          22|           1|
    |icmp_ln51_43_fu_5320_p2    |      icmp|   0|  0|  29|          22|           1|
    |icmp_ln51_44_fu_5406_p2    |      icmp|   0|  0|  29|          22|           1|
    |icmp_ln51_45_fu_5492_p2    |      icmp|   0|  0|  29|          22|           1|
    |icmp_ln51_46_fu_5578_p2    |      icmp|   0|  0|  29|          22|           1|
    |icmp_ln51_47_fu_5664_p2    |      icmp|   0|  0|  29|          22|           1|
    |icmp_ln51_48_fu_5750_p2    |      icmp|   0|  0|  29|          22|           1|
    |icmp_ln51_49_fu_5836_p2    |      icmp|   0|  0|  29|          22|           1|
    |icmp_ln51_4_fu_1966_p2     |      icmp|   0|  0|  29|          22|           1|
    |icmp_ln51_50_fu_5922_p2    |      icmp|   0|  0|  29|          22|           1|
    |icmp_ln51_51_fu_6008_p2    |      icmp|   0|  0|  29|          22|           1|
    |icmp_ln51_52_fu_6094_p2    |      icmp|   0|  0|  29|          22|           1|
    |icmp_ln51_53_fu_6180_p2    |      icmp|   0|  0|  29|          22|           1|
    |icmp_ln51_54_fu_6266_p2    |      icmp|   0|  0|  29|          22|           1|
    |icmp_ln51_55_fu_6352_p2    |      icmp|   0|  0|  29|          22|           1|
    |icmp_ln51_56_fu_6438_p2    |      icmp|   0|  0|  29|          22|           1|
    |icmp_ln51_57_fu_6524_p2    |      icmp|   0|  0|  29|          22|           1|
    |icmp_ln51_58_fu_6610_p2    |      icmp|   0|  0|  29|          22|           1|
    |icmp_ln51_59_fu_6696_p2    |      icmp|   0|  0|  29|          22|           1|
    |icmp_ln51_5_fu_2052_p2     |      icmp|   0|  0|  29|          22|           1|
    |icmp_ln51_60_fu_6782_p2    |      icmp|   0|  0|  29|          22|           1|
    |icmp_ln51_61_fu_6868_p2    |      icmp|   0|  0|  29|          22|           1|
    |icmp_ln51_62_fu_6954_p2    |      icmp|   0|  0|  29|          22|           1|
    |icmp_ln51_63_fu_7040_p2    |      icmp|   0|  0|  29|          22|           1|
    |icmp_ln51_6_fu_2138_p2     |      icmp|   0|  0|  29|          22|           1|
    |icmp_ln51_7_fu_2224_p2     |      icmp|   0|  0|  29|          22|           1|
    |icmp_ln51_8_fu_2310_p2     |      icmp|   0|  0|  29|          22|           1|
    |icmp_ln51_9_fu_2396_p2     |      icmp|   0|  0|  29|          22|           1|
    |icmp_ln51_fu_1628_p2       |      icmp|   0|  0|  29|          22|           1|
    |icmp_ln52_100_fu_5964_p2   |      icmp|   0|  0|  12|           4|           1|
    |icmp_ln52_101_fu_6002_p2   |      icmp|   0|  0|  18|          11|           1|
    |icmp_ln52_102_fu_6050_p2   |      icmp|   0|  0|  12|           4|           1|
    |icmp_ln52_103_fu_6088_p2   |      icmp|   0|  0|  18|          11|           1|
    |icmp_ln52_104_fu_6136_p2   |      icmp|   0|  0|  12|           4|           1|
    |icmp_ln52_105_fu_6174_p2   |      icmp|   0|  0|  18|          11|           1|
    |icmp_ln52_106_fu_6222_p2   |      icmp|   0|  0|  12|           4|           1|
    |icmp_ln52_107_fu_6260_p2   |      icmp|   0|  0|  18|          11|           1|
    |icmp_ln52_108_fu_6308_p2   |      icmp|   0|  0|  12|           4|           1|
    |icmp_ln52_109_fu_6346_p2   |      icmp|   0|  0|  18|          11|           1|
    |icmp_ln52_10_fu_2094_p2    |      icmp|   0|  0|  12|           4|           1|
    |icmp_ln52_110_fu_6394_p2   |      icmp|   0|  0|  12|           4|           1|
    |icmp_ln52_111_fu_6432_p2   |      icmp|   0|  0|  18|          11|           1|
    |icmp_ln52_112_fu_6480_p2   |      icmp|   0|  0|  12|           4|           1|
    |icmp_ln52_113_fu_6518_p2   |      icmp|   0|  0|  18|          11|           1|
    |icmp_ln52_114_fu_6566_p2   |      icmp|   0|  0|  12|           4|           1|
    |icmp_ln52_115_fu_6604_p2   |      icmp|   0|  0|  18|          11|           1|
    |icmp_ln52_116_fu_6652_p2   |      icmp|   0|  0|  12|           4|           1|
    |icmp_ln52_117_fu_6690_p2   |      icmp|   0|  0|  18|          11|           1|
    |icmp_ln52_118_fu_6738_p2   |      icmp|   0|  0|  12|           4|           1|
    |icmp_ln52_119_fu_6776_p2   |      icmp|   0|  0|  18|          11|           1|
    |icmp_ln52_11_fu_2132_p2    |      icmp|   0|  0|  18|          11|           1|
    |icmp_ln52_120_fu_6824_p2   |      icmp|   0|  0|  12|           4|           1|
    |icmp_ln52_121_fu_6862_p2   |      icmp|   0|  0|  18|          11|           1|
    |icmp_ln52_122_fu_6910_p2   |      icmp|   0|  0|  12|           4|           1|
    |icmp_ln52_123_fu_6948_p2   |      icmp|   0|  0|  18|          11|           1|
    |icmp_ln52_124_fu_6996_p2   |      icmp|   0|  0|  12|           4|           1|
    |icmp_ln52_125_fu_7034_p2   |      icmp|   0|  0|  18|          11|           1|
    |icmp_ln52_126_fu_7082_p2   |      icmp|   0|  0|  12|           4|           1|
    |icmp_ln52_127_fu_7120_p2   |      icmp|   0|  0|  18|          11|           1|
    |icmp_ln52_12_fu_2180_p2    |      icmp|   0|  0|  12|           4|           1|
    |icmp_ln52_13_fu_2218_p2    |      icmp|   0|  0|  18|          11|           1|
    |icmp_ln52_14_fu_2266_p2    |      icmp|   0|  0|  12|           4|           1|
    |icmp_ln52_15_fu_2304_p2    |      icmp|   0|  0|  18|          11|           1|
    |icmp_ln52_16_fu_2352_p2    |      icmp|   0|  0|  12|           4|           1|
    |icmp_ln52_17_fu_2390_p2    |      icmp|   0|  0|  18|          11|           1|
    |icmp_ln52_18_fu_2438_p2    |      icmp|   0|  0|  12|           4|           1|
    |icmp_ln52_19_fu_2476_p2    |      icmp|   0|  0|  18|          11|           1|
    |icmp_ln52_1_fu_1702_p2     |      icmp|   0|  0|  18|          11|           1|
    |icmp_ln52_20_fu_2524_p2    |      icmp|   0|  0|  12|           4|           1|
    |icmp_ln52_21_fu_2562_p2    |      icmp|   0|  0|  18|          11|           1|
    |icmp_ln52_22_fu_2610_p2    |      icmp|   0|  0|  12|           4|           1|
    |icmp_ln52_23_fu_2648_p2    |      icmp|   0|  0|  18|          11|           1|
    |icmp_ln52_24_fu_2696_p2    |      icmp|   0|  0|  12|           4|           1|
    |icmp_ln52_25_fu_2734_p2    |      icmp|   0|  0|  18|          11|           1|
    |icmp_ln52_26_fu_2782_p2    |      icmp|   0|  0|  12|           4|           1|
    |icmp_ln52_27_fu_2820_p2    |      icmp|   0|  0|  18|          11|           1|
    |icmp_ln52_28_fu_2868_p2    |      icmp|   0|  0|  12|           4|           1|
    |icmp_ln52_29_fu_2906_p2    |      icmp|   0|  0|  18|          11|           1|
    |icmp_ln52_2_fu_1750_p2     |      icmp|   0|  0|  12|           4|           1|
    |icmp_ln52_30_fu_2954_p2    |      icmp|   0|  0|  12|           4|           1|
    |icmp_ln52_31_fu_2992_p2    |      icmp|   0|  0|  18|          11|           1|
    |icmp_ln52_32_fu_3040_p2    |      icmp|   0|  0|  12|           4|           1|
    |icmp_ln52_33_fu_3078_p2    |      icmp|   0|  0|  18|          11|           1|
    |icmp_ln52_34_fu_3126_p2    |      icmp|   0|  0|  12|           4|           1|
    |icmp_ln52_35_fu_3164_p2    |      icmp|   0|  0|  18|          11|           1|
    |icmp_ln52_36_fu_3212_p2    |      icmp|   0|  0|  12|           4|           1|
    |icmp_ln52_37_fu_3250_p2    |      icmp|   0|  0|  18|          11|           1|
    |icmp_ln52_38_fu_3298_p2    |      icmp|   0|  0|  12|           4|           1|
    |icmp_ln52_39_fu_3336_p2    |      icmp|   0|  0|  18|          11|           1|
    |icmp_ln52_3_fu_1788_p2     |      icmp|   0|  0|  18|          11|           1|
    |icmp_ln52_40_fu_3384_p2    |      icmp|   0|  0|  12|           4|           1|
    |icmp_ln52_41_fu_3422_p2    |      icmp|   0|  0|  18|          11|           1|
    |icmp_ln52_42_fu_3470_p2    |      icmp|   0|  0|  12|           4|           1|
    |icmp_ln52_43_fu_3508_p2    |      icmp|   0|  0|  18|          11|           1|
    |icmp_ln52_44_fu_3556_p2    |      icmp|   0|  0|  12|           4|           1|
    |icmp_ln52_45_fu_3594_p2    |      icmp|   0|  0|  18|          11|           1|
    |icmp_ln52_46_fu_3642_p2    |      icmp|   0|  0|  12|           4|           1|
    |icmp_ln52_47_fu_3680_p2    |      icmp|   0|  0|  18|          11|           1|
    |icmp_ln52_48_fu_3728_p2    |      icmp|   0|  0|  12|           4|           1|
    |icmp_ln52_49_fu_3766_p2    |      icmp|   0|  0|  18|          11|           1|
    |icmp_ln52_4_fu_1836_p2     |      icmp|   0|  0|  12|           4|           1|
    |icmp_ln52_50_fu_3814_p2    |      icmp|   0|  0|  12|           4|           1|
    |icmp_ln52_51_fu_3852_p2    |      icmp|   0|  0|  18|          11|           1|
    |icmp_ln52_52_fu_3900_p2    |      icmp|   0|  0|  12|           4|           1|
    |icmp_ln52_53_fu_3938_p2    |      icmp|   0|  0|  18|          11|           1|
    |icmp_ln52_54_fu_3986_p2    |      icmp|   0|  0|  12|           4|           1|
    |icmp_ln52_55_fu_4024_p2    |      icmp|   0|  0|  18|          11|           1|
    |icmp_ln52_56_fu_4072_p2    |      icmp|   0|  0|  12|           4|           1|
    |icmp_ln52_57_fu_4110_p2    |      icmp|   0|  0|  18|          11|           1|
    |icmp_ln52_58_fu_4158_p2    |      icmp|   0|  0|  12|           4|           1|
    |icmp_ln52_59_fu_4196_p2    |      icmp|   0|  0|  18|          11|           1|
    |icmp_ln52_5_fu_1874_p2     |      icmp|   0|  0|  18|          11|           1|
    |icmp_ln52_60_fu_4244_p2    |      icmp|   0|  0|  12|           4|           1|
    |icmp_ln52_61_fu_4282_p2    |      icmp|   0|  0|  18|          11|           1|
    |icmp_ln52_62_fu_4330_p2    |      icmp|   0|  0|  12|           4|           1|
    |icmp_ln52_63_fu_4368_p2    |      icmp|   0|  0|  18|          11|           1|
    |icmp_ln52_64_fu_4416_p2    |      icmp|   0|  0|  12|           4|           1|
    |icmp_ln52_65_fu_4454_p2    |      icmp|   0|  0|  18|          11|           1|
    |icmp_ln52_66_fu_4502_p2    |      icmp|   0|  0|  12|           4|           1|
    |icmp_ln52_67_fu_4540_p2    |      icmp|   0|  0|  18|          11|           1|
    |icmp_ln52_68_fu_4588_p2    |      icmp|   0|  0|  12|           4|           1|
    |icmp_ln52_69_fu_4626_p2    |      icmp|   0|  0|  18|          11|           1|
    |icmp_ln52_6_fu_1922_p2     |      icmp|   0|  0|  12|           4|           1|
    |icmp_ln52_70_fu_4674_p2    |      icmp|   0|  0|  12|           4|           1|
    |icmp_ln52_71_fu_4712_p2    |      icmp|   0|  0|  18|          11|           1|
    |icmp_ln52_72_fu_4760_p2    |      icmp|   0|  0|  12|           4|           1|
    |icmp_ln52_73_fu_4798_p2    |      icmp|   0|  0|  18|          11|           1|
    |icmp_ln52_74_fu_4846_p2    |      icmp|   0|  0|  12|           4|           1|
    |icmp_ln52_75_fu_4884_p2    |      icmp|   0|  0|  18|          11|           1|
    |icmp_ln52_76_fu_4932_p2    |      icmp|   0|  0|  12|           4|           1|
    |icmp_ln52_77_fu_4970_p2    |      icmp|   0|  0|  18|          11|           1|
    |icmp_ln52_78_fu_5018_p2    |      icmp|   0|  0|  12|           4|           1|
    |icmp_ln52_79_fu_5056_p2    |      icmp|   0|  0|  18|          11|           1|
    |icmp_ln52_7_fu_1960_p2     |      icmp|   0|  0|  18|          11|           1|
    |icmp_ln52_80_fu_5104_p2    |      icmp|   0|  0|  12|           4|           1|
    |icmp_ln52_81_fu_5142_p2    |      icmp|   0|  0|  18|          11|           1|
    |icmp_ln52_82_fu_5190_p2    |      icmp|   0|  0|  12|           4|           1|
    |icmp_ln52_83_fu_5228_p2    |      icmp|   0|  0|  18|          11|           1|
    |icmp_ln52_84_fu_5276_p2    |      icmp|   0|  0|  12|           4|           1|
    |icmp_ln52_85_fu_5314_p2    |      icmp|   0|  0|  18|          11|           1|
    |icmp_ln52_86_fu_5362_p2    |      icmp|   0|  0|  12|           4|           1|
    |icmp_ln52_87_fu_5400_p2    |      icmp|   0|  0|  18|          11|           1|
    |icmp_ln52_88_fu_5448_p2    |      icmp|   0|  0|  12|           4|           1|
    |icmp_ln52_89_fu_5486_p2    |      icmp|   0|  0|  18|          11|           1|
    |icmp_ln52_8_fu_2008_p2     |      icmp|   0|  0|  12|           4|           1|
    |icmp_ln52_90_fu_5534_p2    |      icmp|   0|  0|  12|           4|           1|
    |icmp_ln52_91_fu_5572_p2    |      icmp|   0|  0|  18|          11|           1|
    |icmp_ln52_92_fu_5620_p2    |      icmp|   0|  0|  12|           4|           1|
    |icmp_ln52_93_fu_5658_p2    |      icmp|   0|  0|  18|          11|           1|
    |icmp_ln52_94_fu_5706_p2    |      icmp|   0|  0|  12|           4|           1|
    |icmp_ln52_95_fu_5744_p2    |      icmp|   0|  0|  18|          11|           1|
    |icmp_ln52_96_fu_5792_p2    |      icmp|   0|  0|  12|           4|           1|
    |icmp_ln52_97_fu_5830_p2    |      icmp|   0|  0|  18|          11|           1|
    |icmp_ln52_98_fu_5878_p2    |      icmp|   0|  0|  12|           4|           1|
    |icmp_ln52_99_fu_5916_p2    |      icmp|   0|  0|  18|          11|           1|
    |icmp_ln52_9_fu_2046_p2     |      icmp|   0|  0|  18|          11|           1|
    |icmp_ln52_fu_1664_p2       |      icmp|   0|  0|  12|           4|           1|
    |ap_block_pp0_stage0_01001  |        or|   0|  0|   2|           1|           1|
    |or_ln52_100_fu_5970_p2     |        or|   0|  0|   2|           1|           1|
    |or_ln52_101_fu_9396_p2     |        or|   0|  0|   2|           1|           1|
    |or_ln52_102_fu_6056_p2     |        or|   0|  0|   2|           1|           1|
    |or_ln52_103_fu_9441_p2     |        or|   0|  0|   2|           1|           1|
    |or_ln52_104_fu_6142_p2     |        or|   0|  0|   2|           1|           1|
    |or_ln52_105_fu_9486_p2     |        or|   0|  0|   2|           1|           1|
    |or_ln52_106_fu_6228_p2     |        or|   0|  0|   2|           1|           1|
    |or_ln52_107_fu_9531_p2     |        or|   0|  0|   2|           1|           1|
    |or_ln52_108_fu_6314_p2     |        or|   0|  0|   2|           1|           1|
    |or_ln52_109_fu_9576_p2     |        or|   0|  0|   2|           1|           1|
    |or_ln52_10_fu_2100_p2      |        or|   0|  0|   2|           1|           1|
    |or_ln52_110_fu_6400_p2     |        or|   0|  0|   2|           1|           1|
    |or_ln52_111_fu_9621_p2     |        or|   0|  0|   2|           1|           1|
    |or_ln52_112_fu_6486_p2     |        or|   0|  0|   2|           1|           1|
    |or_ln52_113_fu_9666_p2     |        or|   0|  0|   2|           1|           1|
    |or_ln52_114_fu_6572_p2     |        or|   0|  0|   2|           1|           1|
    |or_ln52_115_fu_9711_p2     |        or|   0|  0|   2|           1|           1|
    |or_ln52_116_fu_6658_p2     |        or|   0|  0|   2|           1|           1|
    |or_ln52_117_fu_9756_p2     |        or|   0|  0|   2|           1|           1|
    |or_ln52_118_fu_6744_p2     |        or|   0|  0|   2|           1|           1|
    |or_ln52_119_fu_9801_p2     |        or|   0|  0|   2|           1|           1|
    |or_ln52_11_fu_7371_p2      |        or|   0|  0|   2|           1|           1|
    |or_ln52_120_fu_6830_p2     |        or|   0|  0|   2|           1|           1|
    |or_ln52_121_fu_9846_p2     |        or|   0|  0|   2|           1|           1|
    |or_ln52_122_fu_6916_p2     |        or|   0|  0|   2|           1|           1|
    |or_ln52_123_fu_9891_p2     |        or|   0|  0|   2|           1|           1|
    |or_ln52_124_fu_7002_p2     |        or|   0|  0|   2|           1|           1|
    |or_ln52_125_fu_7088_p2     |        or|   0|  0|   2|           1|           1|
    |or_ln52_126_fu_9936_p2     |        or|   0|  0|   2|           1|           1|
    |or_ln52_127_fu_9981_p2     |        or|   0|  0|   2|           1|           1|
    |or_ln52_12_fu_2186_p2      |        or|   0|  0|   2|           1|           1|
    |or_ln52_13_fu_7416_p2      |        or|   0|  0|   2|           1|           1|
    |or_ln52_14_fu_2272_p2      |        or|   0|  0|   2|           1|           1|
    |or_ln52_15_fu_7461_p2      |        or|   0|  0|   2|           1|           1|
    |or_ln52_16_fu_2358_p2      |        or|   0|  0|   2|           1|           1|
    |or_ln52_17_fu_7506_p2      |        or|   0|  0|   2|           1|           1|
    |or_ln52_18_fu_2444_p2      |        or|   0|  0|   2|           1|           1|
    |or_ln52_19_fu_7551_p2      |        or|   0|  0|   2|           1|           1|
    |or_ln52_1_fu_7146_p2       |        or|   0|  0|   2|           1|           1|
    |or_ln52_20_fu_2530_p2      |        or|   0|  0|   2|           1|           1|
    |or_ln52_21_fu_7596_p2      |        or|   0|  0|   2|           1|           1|
    |or_ln52_22_fu_2616_p2      |        or|   0|  0|   2|           1|           1|
    |or_ln52_23_fu_7641_p2      |        or|   0|  0|   2|           1|           1|
    |or_ln52_24_fu_2702_p2      |        or|   0|  0|   2|           1|           1|
    |or_ln52_25_fu_7686_p2      |        or|   0|  0|   2|           1|           1|
    |or_ln52_26_fu_2788_p2      |        or|   0|  0|   2|           1|           1|
    |or_ln52_27_fu_7731_p2      |        or|   0|  0|   2|           1|           1|
    |or_ln52_28_fu_2874_p2      |        or|   0|  0|   2|           1|           1|
    |or_ln52_29_fu_7776_p2      |        or|   0|  0|   2|           1|           1|
    |or_ln52_2_fu_1756_p2       |        or|   0|  0|   2|           1|           1|
    |or_ln52_30_fu_2960_p2      |        or|   0|  0|   2|           1|           1|
    |or_ln52_31_fu_7821_p2      |        or|   0|  0|   2|           1|           1|
    |or_ln52_32_fu_3046_p2      |        or|   0|  0|   2|           1|           1|
    |or_ln52_33_fu_7866_p2      |        or|   0|  0|   2|           1|           1|
    |or_ln52_34_fu_3132_p2      |        or|   0|  0|   2|           1|           1|
    |or_ln52_35_fu_7911_p2      |        or|   0|  0|   2|           1|           1|
    |or_ln52_36_fu_3218_p2      |        or|   0|  0|   2|           1|           1|
    |or_ln52_37_fu_7956_p2      |        or|   0|  0|   2|           1|           1|
    |or_ln52_38_fu_3304_p2      |        or|   0|  0|   2|           1|           1|
    |or_ln52_39_fu_8001_p2      |        or|   0|  0|   2|           1|           1|
    |or_ln52_3_fu_7191_p2       |        or|   0|  0|   2|           1|           1|
    |or_ln52_40_fu_3390_p2      |        or|   0|  0|   2|           1|           1|
    |or_ln52_41_fu_8046_p2      |        or|   0|  0|   2|           1|           1|
    |or_ln52_42_fu_3476_p2      |        or|   0|  0|   2|           1|           1|
    |or_ln52_43_fu_8091_p2      |        or|   0|  0|   2|           1|           1|
    |or_ln52_44_fu_3562_p2      |        or|   0|  0|   2|           1|           1|
    |or_ln52_45_fu_8136_p2      |        or|   0|  0|   2|           1|           1|
    |or_ln52_46_fu_3648_p2      |        or|   0|  0|   2|           1|           1|
    |or_ln52_47_fu_8181_p2      |        or|   0|  0|   2|           1|           1|
    |or_ln52_48_fu_3734_p2      |        or|   0|  0|   2|           1|           1|
    |or_ln52_49_fu_8226_p2      |        or|   0|  0|   2|           1|           1|
    |or_ln52_4_fu_1842_p2       |        or|   0|  0|   2|           1|           1|
    |or_ln52_50_fu_3820_p2      |        or|   0|  0|   2|           1|           1|
    |or_ln52_51_fu_8271_p2      |        or|   0|  0|   2|           1|           1|
    |or_ln52_52_fu_3906_p2      |        or|   0|  0|   2|           1|           1|
    |or_ln52_53_fu_8316_p2      |        or|   0|  0|   2|           1|           1|
    |or_ln52_54_fu_3992_p2      |        or|   0|  0|   2|           1|           1|
    |or_ln52_55_fu_8361_p2      |        or|   0|  0|   2|           1|           1|
    |or_ln52_56_fu_4078_p2      |        or|   0|  0|   2|           1|           1|
    |or_ln52_57_fu_8406_p2      |        or|   0|  0|   2|           1|           1|
    |or_ln52_58_fu_4164_p2      |        or|   0|  0|   2|           1|           1|
    |or_ln52_59_fu_8451_p2      |        or|   0|  0|   2|           1|           1|
    |or_ln52_5_fu_7236_p2       |        or|   0|  0|   2|           1|           1|
    |or_ln52_60_fu_4250_p2      |        or|   0|  0|   2|           1|           1|
    |or_ln52_61_fu_8496_p2      |        or|   0|  0|   2|           1|           1|
    |or_ln52_62_fu_4336_p2      |        or|   0|  0|   2|           1|           1|
    |or_ln52_63_fu_8541_p2      |        or|   0|  0|   2|           1|           1|
    |or_ln52_64_fu_4422_p2      |        or|   0|  0|   2|           1|           1|
    |or_ln52_65_fu_8586_p2      |        or|   0|  0|   2|           1|           1|
    |or_ln52_66_fu_4508_p2      |        or|   0|  0|   2|           1|           1|
    |or_ln52_67_fu_8631_p2      |        or|   0|  0|   2|           1|           1|
    |or_ln52_68_fu_4594_p2      |        or|   0|  0|   2|           1|           1|
    |or_ln52_69_fu_8676_p2      |        or|   0|  0|   2|           1|           1|
    |or_ln52_6_fu_1928_p2       |        or|   0|  0|   2|           1|           1|
    |or_ln52_70_fu_4680_p2      |        or|   0|  0|   2|           1|           1|
    |or_ln52_71_fu_8721_p2      |        or|   0|  0|   2|           1|           1|
    |or_ln52_72_fu_4766_p2      |        or|   0|  0|   2|           1|           1|
    |or_ln52_73_fu_8766_p2      |        or|   0|  0|   2|           1|           1|
    |or_ln52_74_fu_4852_p2      |        or|   0|  0|   2|           1|           1|
    |or_ln52_75_fu_8811_p2      |        or|   0|  0|   2|           1|           1|
    |or_ln52_76_fu_4938_p2      |        or|   0|  0|   2|           1|           1|
    |or_ln52_77_fu_8856_p2      |        or|   0|  0|   2|           1|           1|
    |or_ln52_78_fu_5024_p2      |        or|   0|  0|   2|           1|           1|
    |or_ln52_79_fu_8901_p2      |        or|   0|  0|   2|           1|           1|
    |or_ln52_7_fu_7281_p2       |        or|   0|  0|   2|           1|           1|
    |or_ln52_80_fu_5110_p2      |        or|   0|  0|   2|           1|           1|
    |or_ln52_81_fu_8946_p2      |        or|   0|  0|   2|           1|           1|
    |or_ln52_82_fu_5196_p2      |        or|   0|  0|   2|           1|           1|
    |or_ln52_83_fu_8991_p2      |        or|   0|  0|   2|           1|           1|
    |or_ln52_84_fu_5282_p2      |        or|   0|  0|   2|           1|           1|
    |or_ln52_85_fu_9036_p2      |        or|   0|  0|   2|           1|           1|
    |or_ln52_86_fu_5368_p2      |        or|   0|  0|   2|           1|           1|
    |or_ln52_87_fu_9081_p2      |        or|   0|  0|   2|           1|           1|
    |or_ln52_88_fu_5454_p2      |        or|   0|  0|   2|           1|           1|
    |or_ln52_89_fu_9126_p2      |        or|   0|  0|   2|           1|           1|
    |or_ln52_8_fu_2014_p2       |        or|   0|  0|   2|           1|           1|
    |or_ln52_90_fu_5540_p2      |        or|   0|  0|   2|           1|           1|
    |or_ln52_91_fu_9171_p2      |        or|   0|  0|   2|           1|           1|
    |or_ln52_92_fu_5626_p2      |        or|   0|  0|   2|           1|           1|
    |or_ln52_93_fu_9216_p2      |        or|   0|  0|   2|           1|           1|
    |or_ln52_94_fu_5712_p2      |        or|   0|  0|   2|           1|           1|
    |or_ln52_95_fu_9261_p2      |        or|   0|  0|   2|           1|           1|
    |or_ln52_96_fu_5798_p2      |        or|   0|  0|   2|           1|           1|
    |or_ln52_97_fu_9306_p2      |        or|   0|  0|   2|           1|           1|
    |or_ln52_98_fu_5884_p2      |        or|   0|  0|   2|           1|           1|
    |or_ln52_99_fu_9351_p2      |        or|   0|  0|   2|           1|           1|
    |or_ln52_9_fu_7326_p2       |        or|   0|  0|   2|           1|           1|
    |or_ln52_fu_1670_p2         |        or|   0|  0|   2|           1|           1|
    |out_data_10_fu_7382_p3     |    select|   0|  0|   6|           1|           6|
    |out_data_11_fu_7389_p3     |    select|   0|  0|   6|           1|           6|
    |out_data_12_fu_7427_p3     |    select|   0|  0|   6|           1|           6|
    |out_data_13_fu_7434_p3     |    select|   0|  0|   6|           1|           6|
    |out_data_14_fu_7472_p3     |    select|   0|  0|   6|           1|           6|
    |out_data_15_fu_7479_p3     |    select|   0|  0|   6|           1|           6|
    |out_data_1_fu_7164_p3      |    select|   0|  0|   6|           1|           6|
    |out_data_2_fu_7202_p3      |    select|   0|  0|   6|           1|           6|
    |out_data_3_fu_7209_p3      |    select|   0|  0|   6|           1|           6|
    |out_data_4_fu_7247_p3      |    select|   0|  0|   6|           1|           6|
    |out_data_5_fu_7254_p3      |    select|   0|  0|   6|           1|           6|
    |out_data_6_fu_7292_p3      |    select|   0|  0|   6|           1|           6|
    |out_data_7_fu_7299_p3      |    select|   0|  0|   6|           1|           6|
    |out_data_8_fu_7337_p3      |    select|   0|  0|   6|           1|           6|
    |out_data_9_fu_7344_p3      |    select|   0|  0|   6|           1|           6|
    |out_data_fu_7157_p3        |    select|   0|  0|   6|           1|           6|
    |select_ln51_10_fu_7614_p3  |    select|   0|  0|   6|           1|           6|
    |select_ln51_11_fu_7659_p3  |    select|   0|  0|   6|           1|           6|
    |select_ln51_12_fu_7704_p3  |    select|   0|  0|   6|           1|           6|
    |select_ln51_13_fu_7749_p3  |    select|   0|  0|   6|           1|           6|
    |select_ln51_14_fu_7794_p3  |    select|   0|  0|   6|           1|           6|
    |select_ln51_15_fu_7839_p3  |    select|   0|  0|   6|           1|           6|
    |select_ln51_16_fu_7884_p3  |    select|   0|  0|   6|           1|           6|
    |select_ln51_17_fu_7929_p3  |    select|   0|  0|   6|           1|           6|
    |select_ln51_18_fu_7974_p3  |    select|   0|  0|   6|           1|           6|
    |select_ln51_19_fu_8019_p3  |    select|   0|  0|   6|           1|           6|
    |select_ln51_20_fu_8064_p3  |    select|   0|  0|   6|           1|           6|
    |select_ln51_21_fu_8109_p3  |    select|   0|  0|   6|           1|           6|
    |select_ln51_22_fu_8154_p3  |    select|   0|  0|   6|           1|           6|
    |select_ln51_23_fu_8199_p3  |    select|   0|  0|   6|           1|           6|
    |select_ln51_24_fu_8244_p3  |    select|   0|  0|   6|           1|           6|
    |select_ln51_25_fu_8289_p3  |    select|   0|  0|   6|           1|           6|
    |select_ln51_26_fu_8334_p3  |    select|   0|  0|   6|           1|           6|
    |select_ln51_27_fu_8379_p3  |    select|   0|  0|   6|           1|           6|
    |select_ln51_28_fu_8424_p3  |    select|   0|  0|   6|           1|           6|
    |select_ln51_29_fu_8469_p3  |    select|   0|  0|   6|           1|           6|
    |select_ln51_30_fu_8514_p3  |    select|   0|  0|   6|           1|           6|
    |select_ln51_31_fu_8559_p3  |    select|   0|  0|   6|           1|           6|
    |select_ln51_32_fu_8604_p3  |    select|   0|  0|   6|           1|           6|
    |select_ln51_33_fu_8649_p3  |    select|   0|  0|   6|           1|           6|
    |select_ln51_34_fu_8694_p3  |    select|   0|  0|   6|           1|           6|
    |select_ln51_35_fu_8739_p3  |    select|   0|  0|   6|           1|           6|
    |select_ln51_36_fu_8784_p3  |    select|   0|  0|   6|           1|           6|
    |select_ln51_37_fu_8829_p3  |    select|   0|  0|   6|           1|           6|
    |select_ln51_38_fu_8874_p3  |    select|   0|  0|   6|           1|           6|
    |select_ln51_39_fu_8919_p3  |    select|   0|  0|   6|           1|           6|
    |select_ln51_40_fu_8964_p3  |    select|   0|  0|   6|           1|           6|
    |select_ln51_41_fu_9009_p3  |    select|   0|  0|   6|           1|           6|
    |select_ln51_42_fu_9054_p3  |    select|   0|  0|   6|           1|           6|
    |select_ln51_43_fu_9099_p3  |    select|   0|  0|   6|           1|           6|
    |select_ln51_44_fu_9144_p3  |    select|   0|  0|   6|           1|           6|
    |select_ln51_45_fu_9189_p3  |    select|   0|  0|   6|           1|           6|
    |select_ln51_46_fu_9234_p3  |    select|   0|  0|   6|           1|           6|
    |select_ln51_47_fu_9279_p3  |    select|   0|  0|   6|           1|           6|
    |select_ln51_48_fu_9324_p3  |    select|   0|  0|   6|           1|           6|
    |select_ln51_49_fu_9369_p3  |    select|   0|  0|   6|           1|           6|
    |select_ln51_50_fu_9414_p3  |    select|   0|  0|   6|           1|           6|
    |select_ln51_51_fu_9459_p3  |    select|   0|  0|   6|           1|           6|
    |select_ln51_52_fu_9504_p3  |    select|   0|  0|   6|           1|           6|
    |select_ln51_53_fu_9549_p3  |    select|   0|  0|   6|           1|           6|
    |select_ln51_54_fu_9594_p3  |    select|   0|  0|   6|           1|           6|
    |select_ln51_55_fu_9639_p3  |    select|   0|  0|   6|           1|           6|
    |select_ln51_56_fu_9684_p3  |    select|   0|  0|   6|           1|           6|
    |select_ln51_57_fu_9729_p3  |    select|   0|  0|   6|           1|           6|
    |select_ln51_58_fu_9774_p3  |    select|   0|  0|   6|           1|           6|
    |select_ln51_59_fu_9819_p3  |    select|   0|  0|   6|           1|           6|
    |select_ln51_60_fu_9864_p3  |    select|   0|  0|   6|           1|           6|
    |select_ln51_61_fu_9909_p3  |    select|   0|  0|   6|           1|           6|
    |select_ln51_62_fu_9954_p3  |    select|   0|  0|   6|           1|           6|
    |select_ln51_63_fu_9999_p3  |    select|   0|  0|   6|           1|           6|
    |select_ln51_9_fu_7569_p3   |    select|   0|  0|   6|           1|           6|
    |select_ln51_fu_7524_p3     |    select|   0|  0|   6|           1|           6|
    |select_ln52_10_fu_7607_p3  |    select|   0|  0|   6|           1|           6|
    |select_ln52_11_fu_7652_p3  |    select|   0|  0|   6|           1|           6|
    |select_ln52_12_fu_7697_p3  |    select|   0|  0|   6|           1|           6|
    |select_ln52_13_fu_7742_p3  |    select|   0|  0|   6|           1|           6|
    |select_ln52_14_fu_7787_p3  |    select|   0|  0|   6|           1|           6|
    |select_ln52_15_fu_7832_p3  |    select|   0|  0|   6|           1|           6|
    |select_ln52_16_fu_7877_p3  |    select|   0|  0|   6|           1|           6|
    |select_ln52_17_fu_7922_p3  |    select|   0|  0|   6|           1|           6|
    |select_ln52_18_fu_7967_p3  |    select|   0|  0|   6|           1|           6|
    |select_ln52_19_fu_8012_p3  |    select|   0|  0|   6|           1|           6|
    |select_ln52_20_fu_8057_p3  |    select|   0|  0|   6|           1|           6|
    |select_ln52_21_fu_8102_p3  |    select|   0|  0|   6|           1|           6|
    |select_ln52_22_fu_8147_p3  |    select|   0|  0|   6|           1|           6|
    |select_ln52_23_fu_8192_p3  |    select|   0|  0|   6|           1|           6|
    |select_ln52_24_fu_8237_p3  |    select|   0|  0|   6|           1|           6|
    |select_ln52_25_fu_8282_p3  |    select|   0|  0|   6|           1|           6|
    |select_ln52_26_fu_8327_p3  |    select|   0|  0|   6|           1|           6|
    |select_ln52_27_fu_8372_p3  |    select|   0|  0|   6|           1|           6|
    |select_ln52_28_fu_8417_p3  |    select|   0|  0|   6|           1|           6|
    |select_ln52_29_fu_8462_p3  |    select|   0|  0|   6|           1|           6|
    |select_ln52_30_fu_8507_p3  |    select|   0|  0|   6|           1|           6|
    |select_ln52_31_fu_8552_p3  |    select|   0|  0|   6|           1|           6|
    |select_ln52_32_fu_8597_p3  |    select|   0|  0|   6|           1|           6|
    |select_ln52_33_fu_8642_p3  |    select|   0|  0|   6|           1|           6|
    |select_ln52_34_fu_8687_p3  |    select|   0|  0|   6|           1|           6|
    |select_ln52_35_fu_8732_p3  |    select|   0|  0|   6|           1|           6|
    |select_ln52_36_fu_8777_p3  |    select|   0|  0|   6|           1|           6|
    |select_ln52_37_fu_8822_p3  |    select|   0|  0|   6|           1|           6|
    |select_ln52_38_fu_8867_p3  |    select|   0|  0|   6|           1|           6|
    |select_ln52_39_fu_8912_p3  |    select|   0|  0|   6|           1|           6|
    |select_ln52_40_fu_8957_p3  |    select|   0|  0|   6|           1|           6|
    |select_ln52_41_fu_9002_p3  |    select|   0|  0|   6|           1|           6|
    |select_ln52_42_fu_9047_p3  |    select|   0|  0|   6|           1|           6|
    |select_ln52_43_fu_9092_p3  |    select|   0|  0|   6|           1|           6|
    |select_ln52_44_fu_9137_p3  |    select|   0|  0|   6|           1|           6|
    |select_ln52_45_fu_9182_p3  |    select|   0|  0|   6|           1|           6|
    |select_ln52_46_fu_9227_p3  |    select|   0|  0|   6|           1|           6|
    |select_ln52_47_fu_9272_p3  |    select|   0|  0|   6|           1|           6|
    |select_ln52_48_fu_9317_p3  |    select|   0|  0|   6|           1|           6|
    |select_ln52_49_fu_9362_p3  |    select|   0|  0|   6|           1|           6|
    |select_ln52_50_fu_9407_p3  |    select|   0|  0|   6|           1|           6|
    |select_ln52_51_fu_9452_p3  |    select|   0|  0|   6|           1|           6|
    |select_ln52_52_fu_9497_p3  |    select|   0|  0|   6|           1|           6|
    |select_ln52_53_fu_9542_p3  |    select|   0|  0|   6|           1|           6|
    |select_ln52_54_fu_9587_p3  |    select|   0|  0|   6|           1|           6|
    |select_ln52_55_fu_9632_p3  |    select|   0|  0|   6|           1|           6|
    |select_ln52_56_fu_9677_p3  |    select|   0|  0|   6|           1|           6|
    |select_ln52_57_fu_9722_p3  |    select|   0|  0|   6|           1|           6|
    |select_ln52_58_fu_9767_p3  |    select|   0|  0|   6|           1|           6|
    |select_ln52_59_fu_9812_p3  |    select|   0|  0|   6|           1|           6|
    |select_ln52_60_fu_9857_p3  |    select|   0|  0|   6|           1|           6|
    |select_ln52_61_fu_9902_p3  |    select|   0|  0|   6|           1|           6|
    |select_ln52_62_fu_9947_p3  |    select|   0|  0|   6|           1|           6|
    |select_ln52_63_fu_9992_p3  |    select|   0|  0|   6|           1|           6|
    |select_ln52_9_fu_7562_p3   |    select|   0|  0|   6|           1|           6|
    |select_ln52_fu_7517_p3     |    select|   0|  0|   6|           1|           6|
    |ap_enable_pp0              |       xor|   0|  0|   2|           1|           2|
    |xor_ln52_10_fu_7590_p2     |       xor|   0|  0|   2|           1|           2|
    |xor_ln52_11_fu_7635_p2     |       xor|   0|  0|   2|           1|           2|
    |xor_ln52_12_fu_7680_p2     |       xor|   0|  0|   2|           1|           2|
    |xor_ln52_13_fu_7725_p2     |       xor|   0|  0|   2|           1|           2|
    |xor_ln52_14_fu_7770_p2     |       xor|   0|  0|   2|           1|           2|
    |xor_ln52_15_fu_7815_p2     |       xor|   0|  0|   2|           1|           2|
    |xor_ln52_16_fu_7860_p2     |       xor|   0|  0|   2|           1|           2|
    |xor_ln52_17_fu_7905_p2     |       xor|   0|  0|   2|           1|           2|
    |xor_ln52_18_fu_7950_p2     |       xor|   0|  0|   2|           1|           2|
    |xor_ln52_19_fu_7995_p2     |       xor|   0|  0|   2|           1|           2|
    |xor_ln52_1_fu_7185_p2      |       xor|   0|  0|   2|           1|           2|
    |xor_ln52_20_fu_8040_p2     |       xor|   0|  0|   2|           1|           2|
    |xor_ln52_21_fu_8085_p2     |       xor|   0|  0|   2|           1|           2|
    |xor_ln52_22_fu_8130_p2     |       xor|   0|  0|   2|           1|           2|
    |xor_ln52_23_fu_8175_p2     |       xor|   0|  0|   2|           1|           2|
    |xor_ln52_24_fu_8220_p2     |       xor|   0|  0|   2|           1|           2|
    |xor_ln52_25_fu_8265_p2     |       xor|   0|  0|   2|           1|           2|
    |xor_ln52_26_fu_8310_p2     |       xor|   0|  0|   2|           1|           2|
    |xor_ln52_27_fu_8355_p2     |       xor|   0|  0|   2|           1|           2|
    |xor_ln52_28_fu_8400_p2     |       xor|   0|  0|   2|           1|           2|
    |xor_ln52_29_fu_8445_p2     |       xor|   0|  0|   2|           1|           2|
    |xor_ln52_2_fu_7230_p2      |       xor|   0|  0|   2|           1|           2|
    |xor_ln52_30_fu_8490_p2     |       xor|   0|  0|   2|           1|           2|
    |xor_ln52_31_fu_8535_p2     |       xor|   0|  0|   2|           1|           2|
    |xor_ln52_32_fu_8580_p2     |       xor|   0|  0|   2|           1|           2|
    |xor_ln52_33_fu_8625_p2     |       xor|   0|  0|   2|           1|           2|
    |xor_ln52_34_fu_8670_p2     |       xor|   0|  0|   2|           1|           2|
    |xor_ln52_35_fu_8715_p2     |       xor|   0|  0|   2|           1|           2|
    |xor_ln52_36_fu_8760_p2     |       xor|   0|  0|   2|           1|           2|
    |xor_ln52_37_fu_8805_p2     |       xor|   0|  0|   2|           1|           2|
    |xor_ln52_38_fu_8850_p2     |       xor|   0|  0|   2|           1|           2|
    |xor_ln52_39_fu_8895_p2     |       xor|   0|  0|   2|           1|           2|
    |xor_ln52_3_fu_7275_p2      |       xor|   0|  0|   2|           1|           2|
    |xor_ln52_40_fu_8940_p2     |       xor|   0|  0|   2|           1|           2|
    |xor_ln52_41_fu_8985_p2     |       xor|   0|  0|   2|           1|           2|
    |xor_ln52_42_fu_9030_p2     |       xor|   0|  0|   2|           1|           2|
    |xor_ln52_43_fu_9075_p2     |       xor|   0|  0|   2|           1|           2|
    |xor_ln52_44_fu_9120_p2     |       xor|   0|  0|   2|           1|           2|
    |xor_ln52_45_fu_9165_p2     |       xor|   0|  0|   2|           1|           2|
    |xor_ln52_46_fu_9210_p2     |       xor|   0|  0|   2|           1|           2|
    |xor_ln52_47_fu_9255_p2     |       xor|   0|  0|   2|           1|           2|
    |xor_ln52_48_fu_9300_p2     |       xor|   0|  0|   2|           1|           2|
    |xor_ln52_49_fu_9345_p2     |       xor|   0|  0|   2|           1|           2|
    |xor_ln52_4_fu_7320_p2      |       xor|   0|  0|   2|           1|           2|
    |xor_ln52_50_fu_9390_p2     |       xor|   0|  0|   2|           1|           2|
    |xor_ln52_51_fu_9435_p2     |       xor|   0|  0|   2|           1|           2|
    |xor_ln52_52_fu_9480_p2     |       xor|   0|  0|   2|           1|           2|
    |xor_ln52_53_fu_9525_p2     |       xor|   0|  0|   2|           1|           2|
    |xor_ln52_54_fu_9570_p2     |       xor|   0|  0|   2|           1|           2|
    |xor_ln52_55_fu_9615_p2     |       xor|   0|  0|   2|           1|           2|
    |xor_ln52_56_fu_9660_p2     |       xor|   0|  0|   2|           1|           2|
    |xor_ln52_57_fu_9705_p2     |       xor|   0|  0|   2|           1|           2|
    |xor_ln52_58_fu_9750_p2     |       xor|   0|  0|   2|           1|           2|
    |xor_ln52_59_fu_9795_p2     |       xor|   0|  0|   2|           1|           2|
    |xor_ln52_5_fu_7365_p2      |       xor|   0|  0|   2|           1|           2|
    |xor_ln52_60_fu_9840_p2     |       xor|   0|  0|   2|           1|           2|
    |xor_ln52_61_fu_9885_p2     |       xor|   0|  0|   2|           1|           2|
    |xor_ln52_62_fu_9930_p2     |       xor|   0|  0|   2|           1|           2|
    |xor_ln52_63_fu_9975_p2     |       xor|   0|  0|   2|           1|           2|
    |xor_ln52_6_fu_7410_p2      |       xor|   0|  0|   2|           1|           2|
    |xor_ln52_7_fu_7455_p2      |       xor|   0|  0|   2|           1|           2|
    |xor_ln52_8_fu_7500_p2      |       xor|   0|  0|   2|           1|           2|
    |xor_ln52_9_fu_7545_p2      |       xor|   0|  0|   2|           1|           2|
    |xor_ln52_fu_7140_p2        |       xor|   0|  0|   2|           1|           2|
    +---------------------------+----------+----+---+----+------------+------------+
    |Total                      |          |   0|  0|6048|        3215|        1739|
    +---------------------------+----------+----+---+----+------------+------------+

    * Multiplexer: 
    +-------------------------+----+-----------+-----+-----------+
    |           Name          | LUT| Input Size| Bits| Total Bits|
    +-------------------------+----+-----------+-----+-----------+
    |ap_done_int              |   9|          2|    1|          2|
    |ap_enable_reg_pp0_iter1  |   9|          2|    1|          2|
    |ap_sig_allocacmp_i_9     |   9|          2|    6|         12|
    |i_fu_952                 |   9|          2|    6|         12|
    |layer10_out_blk_n        |   9|          2|    1|          2|
    |layer8_out_blk_n         |   9|          2|    1|          2|
    |real_start               |   9|          2|    1|          2|
    +-------------------------+----+-----------+-----+-----------+
    |Total                    |  63|         14|   17|         34|
    +-------------------------+----+-----------+-----+-----------+

    * Register: 
    +----------------------------------+------+----+------+-----------+
    |               Name               |  FF  | LUT| Bits | Const Bits|
    +----------------------------------+------+----+------+-----------+
    |add_ln52_10_reg_10383             |     6|   0|     6|          0|
    |add_ln52_11_reg_10399             |     6|   0|     6|          0|
    |add_ln52_12_reg_10415             |     6|   0|     6|          0|
    |add_ln52_13_reg_10431             |     6|   0|     6|          0|
    |add_ln52_14_reg_10447             |     6|   0|     6|          0|
    |add_ln52_15_reg_10463             |     6|   0|     6|          0|
    |add_ln52_16_reg_10479             |     6|   0|     6|          0|
    |add_ln52_17_reg_10495             |     6|   0|     6|          0|
    |add_ln52_18_reg_10511             |     6|   0|     6|          0|
    |add_ln52_19_reg_10527             |     6|   0|     6|          0|
    |add_ln52_1_reg_10239              |     6|   0|     6|          0|
    |add_ln52_20_reg_10543             |     6|   0|     6|          0|
    |add_ln52_21_reg_10559             |     6|   0|     6|          0|
    |add_ln52_22_reg_10575             |     6|   0|     6|          0|
    |add_ln52_23_reg_10591             |     6|   0|     6|          0|
    |add_ln52_24_reg_10607             |     6|   0|     6|          0|
    |add_ln52_25_reg_10623             |     6|   0|     6|          0|
    |add_ln52_26_reg_10639             |     6|   0|     6|          0|
    |add_ln52_27_reg_10655             |     6|   0|     6|          0|
    |add_ln52_28_reg_10671             |     6|   0|     6|          0|
    |add_ln52_29_reg_10687             |     6|   0|     6|          0|
    |add_ln52_2_reg_10255              |     6|   0|     6|          0|
    |add_ln52_30_reg_10703             |     6|   0|     6|          0|
    |add_ln52_31_reg_10719             |     6|   0|     6|          0|
    |add_ln52_32_reg_10735             |     6|   0|     6|          0|
    |add_ln52_33_reg_10751             |     6|   0|     6|          0|
    |add_ln52_34_reg_10767             |     6|   0|     6|          0|
    |add_ln52_35_reg_10783             |     6|   0|     6|          0|
    |add_ln52_36_reg_10799             |     6|   0|     6|          0|
    |add_ln52_37_reg_10815             |     6|   0|     6|          0|
    |add_ln52_38_reg_10831             |     6|   0|     6|          0|
    |add_ln52_39_reg_10847             |     6|   0|     6|          0|
    |add_ln52_3_reg_10271              |     6|   0|     6|          0|
    |add_ln52_40_reg_10863             |     6|   0|     6|          0|
    |add_ln52_41_reg_10879             |     6|   0|     6|          0|
    |add_ln52_42_reg_10895             |     6|   0|     6|          0|
    |add_ln52_43_reg_10911             |     6|   0|     6|          0|
    |add_ln52_44_reg_10927             |     6|   0|     6|          0|
    |add_ln52_45_reg_10943             |     6|   0|     6|          0|
    |add_ln52_46_reg_10959             |     6|   0|     6|          0|
    |add_ln52_47_reg_10975             |     6|   0|     6|          0|
    |add_ln52_48_reg_10991             |     6|   0|     6|          0|
    |add_ln52_49_reg_11007             |     6|   0|     6|          0|
    |add_ln52_4_reg_10287              |     6|   0|     6|          0|
    |add_ln52_50_reg_11023             |     6|   0|     6|          0|
    |add_ln52_51_reg_11039             |     6|   0|     6|          0|
    |add_ln52_52_reg_11055             |     6|   0|     6|          0|
    |add_ln52_53_reg_11071             |     6|   0|     6|          0|
    |add_ln52_54_reg_11087             |     6|   0|     6|          0|
    |add_ln52_55_reg_11103             |     6|   0|     6|          0|
    |add_ln52_56_reg_11119             |     6|   0|     6|          0|
    |add_ln52_57_reg_11135             |     6|   0|     6|          0|
    |add_ln52_58_reg_11151             |     6|   0|     6|          0|
    |add_ln52_59_reg_11167             |     6|   0|     6|          0|
    |add_ln52_5_reg_10303              |     6|   0|     6|          0|
    |add_ln52_60_reg_11183             |     6|   0|     6|          0|
    |add_ln52_61_reg_11199             |     6|   0|     6|          0|
    |add_ln52_62_reg_11215             |     6|   0|     6|          0|
    |add_ln52_63_reg_11231             |     6|   0|     6|          0|
    |add_ln52_6_reg_10319              |     6|   0|     6|          0|
    |add_ln52_7_reg_10335              |     6|   0|     6|          0|
    |add_ln52_8_reg_10351              |     6|   0|     6|          0|
    |add_ln52_9_reg_10367              |     6|   0|     6|          0|
    |add_ln52_reg_10223                |     6|   0|     6|          0|
    |ap_CS_fsm                         |     1|   0|     1|          0|
    |ap_done_reg                       |     1|   0|     1|          0|
    |ap_enable_reg_pp0_iter1           |     1|   0|     1|          0|
    |ap_enable_reg_pp0_iter2           |     1|   0|     1|          0|
    |ap_loop_exit_ready_pp0_iter1_reg  |     1|   0|     1|          0|
    |i_fu_952                          |     6|   0|     6|          0|
    |icmp_ln51_10_reg_10378            |     1|   0|     1|          0|
    |icmp_ln51_11_reg_10394            |     1|   0|     1|          0|
    |icmp_ln51_12_reg_10410            |     1|   0|     1|          0|
    |icmp_ln51_13_reg_10426            |     1|   0|     1|          0|
    |icmp_ln51_14_reg_10442            |     1|   0|     1|          0|
    |icmp_ln51_15_reg_10458            |     1|   0|     1|          0|
    |icmp_ln51_16_reg_10474            |     1|   0|     1|          0|
    |icmp_ln51_17_reg_10490            |     1|   0|     1|          0|
    |icmp_ln51_18_reg_10506            |     1|   0|     1|          0|
    |icmp_ln51_19_reg_10522            |     1|   0|     1|          0|
    |icmp_ln51_1_reg_10234             |     1|   0|     1|          0|
    |icmp_ln51_20_reg_10538            |     1|   0|     1|          0|
    |icmp_ln51_21_reg_10554            |     1|   0|     1|          0|
    |icmp_ln51_22_reg_10570            |     1|   0|     1|          0|
    |icmp_ln51_23_reg_10586            |     1|   0|     1|          0|
    |icmp_ln51_24_reg_10602            |     1|   0|     1|          0|
    |icmp_ln51_25_reg_10618            |     1|   0|     1|          0|
    |icmp_ln51_26_reg_10634            |     1|   0|     1|          0|
    |icmp_ln51_27_reg_10650            |     1|   0|     1|          0|
    |icmp_ln51_28_reg_10666            |     1|   0|     1|          0|
    |icmp_ln51_29_reg_10682            |     1|   0|     1|          0|
    |icmp_ln51_2_reg_10250             |     1|   0|     1|          0|
    |icmp_ln51_30_reg_10698            |     1|   0|     1|          0|
    |icmp_ln51_31_reg_10714            |     1|   0|     1|          0|
    |icmp_ln51_32_reg_10730            |     1|   0|     1|          0|
    |icmp_ln51_33_reg_10746            |     1|   0|     1|          0|
    |icmp_ln51_34_reg_10762            |     1|   0|     1|          0|
    |icmp_ln51_35_reg_10778            |     1|   0|     1|          0|
    |icmp_ln51_36_reg_10794            |     1|   0|     1|          0|
    |icmp_ln51_37_reg_10810            |     1|   0|     1|          0|
    |icmp_ln51_38_reg_10826            |     1|   0|     1|          0|
    |icmp_ln51_39_reg_10842            |     1|   0|     1|          0|
    |icmp_ln51_3_reg_10266             |     1|   0|     1|          0|
    |icmp_ln51_40_reg_10858            |     1|   0|     1|          0|
    |icmp_ln51_41_reg_10874            |     1|   0|     1|          0|
    |icmp_ln51_42_reg_10890            |     1|   0|     1|          0|
    |icmp_ln51_43_reg_10906            |     1|   0|     1|          0|
    |icmp_ln51_44_reg_10922            |     1|   0|     1|          0|
    |icmp_ln51_45_reg_10938            |     1|   0|     1|          0|
    |icmp_ln51_46_reg_10954            |     1|   0|     1|          0|
    |icmp_ln51_47_reg_10970            |     1|   0|     1|          0|
    |icmp_ln51_48_reg_10986            |     1|   0|     1|          0|
    |icmp_ln51_49_reg_11002            |     1|   0|     1|          0|
    |icmp_ln51_4_reg_10282             |     1|   0|     1|          0|
    |icmp_ln51_50_reg_11018            |     1|   0|     1|          0|
    |icmp_ln51_51_reg_11034            |     1|   0|     1|          0|
    |icmp_ln51_52_reg_11050            |     1|   0|     1|          0|
    |icmp_ln51_53_reg_11066            |     1|   0|     1|          0|
    |icmp_ln51_54_reg_11082            |     1|   0|     1|          0|
    |icmp_ln51_55_reg_11098            |     1|   0|     1|          0|
    |icmp_ln51_56_reg_11114            |     1|   0|     1|          0|
    |icmp_ln51_57_reg_11130            |     1|   0|     1|          0|
    |icmp_ln51_58_reg_11146            |     1|   0|     1|          0|
    |icmp_ln51_59_reg_11162            |     1|   0|     1|          0|
    |icmp_ln51_5_reg_10298             |     1|   0|     1|          0|
    |icmp_ln51_60_reg_11178            |     1|   0|     1|          0|
    |icmp_ln51_61_reg_11194            |     1|   0|     1|          0|
    |icmp_ln51_62_reg_11210            |     1|   0|     1|          0|
    |icmp_ln51_63_reg_11226            |     1|   0|     1|          0|
    |icmp_ln51_6_reg_10314             |     1|   0|     1|          0|
    |icmp_ln51_7_reg_10330             |     1|   0|     1|          0|
    |icmp_ln51_8_reg_10346             |     1|   0|     1|          0|
    |icmp_ln51_9_reg_10362             |     1|   0|     1|          0|
    |icmp_ln51_reg_10218               |     1|   0|     1|          0|
    |icmp_ln52_101_reg_11029           |     1|   0|     1|          0|
    |icmp_ln52_103_reg_11045           |     1|   0|     1|          0|
    |icmp_ln52_105_reg_11061           |     1|   0|     1|          0|
    |icmp_ln52_107_reg_11077           |     1|   0|     1|          0|
    |icmp_ln52_109_reg_11093           |     1|   0|     1|          0|
    |icmp_ln52_111_reg_11109           |     1|   0|     1|          0|
    |icmp_ln52_113_reg_11125           |     1|   0|     1|          0|
    |icmp_ln52_115_reg_11141           |     1|   0|     1|          0|
    |icmp_ln52_117_reg_11157           |     1|   0|     1|          0|
    |icmp_ln52_119_reg_11173           |     1|   0|     1|          0|
    |icmp_ln52_11_reg_10309            |     1|   0|     1|          0|
    |icmp_ln52_121_reg_11189           |     1|   0|     1|          0|
    |icmp_ln52_123_reg_11205           |     1|   0|     1|          0|
    |icmp_ln52_125_reg_11221           |     1|   0|     1|          0|
    |icmp_ln52_127_reg_11237           |     1|   0|     1|          0|
    |icmp_ln52_13_reg_10325            |     1|   0|     1|          0|
    |icmp_ln52_15_reg_10341            |     1|   0|     1|          0|
    |icmp_ln52_17_reg_10357            |     1|   0|     1|          0|
    |icmp_ln52_19_reg_10373            |     1|   0|     1|          0|
    |icmp_ln52_1_reg_10229             |     1|   0|     1|          0|
    |icmp_ln52_21_reg_10389            |     1|   0|     1|          0|
    |icmp_ln52_23_reg_10405            |     1|   0|     1|          0|
    |icmp_ln52_25_reg_10421            |     1|   0|     1|          0|
    |icmp_ln52_27_reg_10437            |     1|   0|     1|          0|
    |icmp_ln52_29_reg_10453            |     1|   0|     1|          0|
    |icmp_ln52_31_reg_10469            |     1|   0|     1|          0|
    |icmp_ln52_33_reg_10485            |     1|   0|     1|          0|
    |icmp_ln52_35_reg_10501            |     1|   0|     1|          0|
    |icmp_ln52_37_reg_10517            |     1|   0|     1|          0|
    |icmp_ln52_39_reg_10533            |     1|   0|     1|          0|
    |icmp_ln52_3_reg_10245             |     1|   0|     1|          0|
    |icmp_ln52_41_reg_10549            |     1|   0|     1|          0|
    |icmp_ln52_43_reg_10565            |     1|   0|     1|          0|
    |icmp_ln52_45_reg_10581            |     1|   0|     1|          0|
    |icmp_ln52_47_reg_10597            |     1|   0|     1|          0|
    |icmp_ln52_49_reg_10613            |     1|   0|     1|          0|
    |icmp_ln52_51_reg_10629            |     1|   0|     1|          0|
    |icmp_ln52_53_reg_10645            |     1|   0|     1|          0|
    |icmp_ln52_55_reg_10661            |     1|   0|     1|          0|
    |icmp_ln52_57_reg_10677            |     1|   0|     1|          0|
    |icmp_ln52_59_reg_10693            |     1|   0|     1|          0|
    |icmp_ln52_5_reg_10261             |     1|   0|     1|          0|
    |icmp_ln52_61_reg_10709            |     1|   0|     1|          0|
    |icmp_ln52_63_reg_10725            |     1|   0|     1|          0|
    |icmp_ln52_65_reg_10741            |     1|   0|     1|          0|
    |icmp_ln52_67_reg_10757            |     1|   0|     1|          0|
    |icmp_ln52_69_reg_10773            |     1|   0|     1|          0|
    |icmp_ln52_71_reg_10789            |     1|   0|     1|          0|
    |icmp_ln52_73_reg_10805            |     1|   0|     1|          0|
    |icmp_ln52_75_reg_10821            |     1|   0|     1|          0|
    |icmp_ln52_77_reg_10837            |     1|   0|     1|          0|
    |icmp_ln52_79_reg_10853            |     1|   0|     1|          0|
    |icmp_ln52_7_reg_10277             |     1|   0|     1|          0|
    |icmp_ln52_81_reg_10869            |     1|   0|     1|          0|
    |icmp_ln52_83_reg_10885            |     1|   0|     1|          0|
    |icmp_ln52_85_reg_10901            |     1|   0|     1|          0|
    |icmp_ln52_87_reg_10917            |     1|   0|     1|          0|
    |icmp_ln52_89_reg_10933            |     1|   0|     1|          0|
    |icmp_ln52_91_reg_10949            |     1|   0|     1|          0|
    |icmp_ln52_93_reg_10965            |     1|   0|     1|          0|
    |icmp_ln52_95_reg_10981            |     1|   0|     1|          0|
    |icmp_ln52_97_reg_10997            |     1|   0|     1|          0|
    |icmp_ln52_99_reg_11013            |     1|   0|     1|          0|
    |icmp_ln52_9_reg_10293             |     1|   0|     1|          0|
    |layer8_out_read_reg_10150         |  1408|   0|  1408|          0|
    |start_once_reg                    |     1|   0|     1|          0|
    +----------------------------------+------+----+------+-----------+
    |Total                             |  1932|   0|  1932|          0|
    +----------------------------------+------+----+------+-----------+



================================================================
== Interface
================================================================
* Summary: 
+----------------------------+-----+------+------------+-------------------------------------------------------------------------+--------------+
|          RTL Ports         | Dir | Bits |  Protocol  |                              Source Object                              |    C Type    |
+----------------------------+-----+------+------------+-------------------------------------------------------------------------+--------------+
|ap_clk                      |   in|     1|  ap_ctrl_hs|  relu<array<ap_fixed,64u>,array<ap_ufixed<6,0,4,0,0>,64u>,relu_config10>|  return value|
|ap_rst                      |   in|     1|  ap_ctrl_hs|  relu<array<ap_fixed,64u>,array<ap_ufixed<6,0,4,0,0>,64u>,relu_config10>|  return value|
|ap_start                    |   in|     1|  ap_ctrl_hs|  relu<array<ap_fixed,64u>,array<ap_ufixed<6,0,4,0,0>,64u>,relu_config10>|  return value|
|start_full_n                |   in|     1|  ap_ctrl_hs|  relu<array<ap_fixed,64u>,array<ap_ufixed<6,0,4,0,0>,64u>,relu_config10>|  return value|
|ap_done                     |  out|     1|  ap_ctrl_hs|  relu<array<ap_fixed,64u>,array<ap_ufixed<6,0,4,0,0>,64u>,relu_config10>|  return value|
|ap_continue                 |   in|     1|  ap_ctrl_hs|  relu<array<ap_fixed,64u>,array<ap_ufixed<6,0,4,0,0>,64u>,relu_config10>|  return value|
|ap_idle                     |  out|     1|  ap_ctrl_hs|  relu<array<ap_fixed,64u>,array<ap_ufixed<6,0,4,0,0>,64u>,relu_config10>|  return value|
|ap_ready                    |  out|     1|  ap_ctrl_hs|  relu<array<ap_fixed,64u>,array<ap_ufixed<6,0,4,0,0>,64u>,relu_config10>|  return value|
|start_out                   |  out|     1|  ap_ctrl_hs|  relu<array<ap_fixed,64u>,array<ap_ufixed<6,0,4,0,0>,64u>,relu_config10>|  return value|
|start_write                 |  out|     1|  ap_ctrl_hs|  relu<array<ap_fixed,64u>,array<ap_ufixed<6,0,4,0,0>,64u>,relu_config10>|  return value|
|layer8_out_dout             |   in|  1408|     ap_fifo|                                                               layer8_out|       pointer|
|layer8_out_num_data_valid   |   in|     7|     ap_fifo|                                                               layer8_out|       pointer|
|layer8_out_fifo_cap         |   in|     7|     ap_fifo|                                                               layer8_out|       pointer|
|layer8_out_empty_n          |   in|     1|     ap_fifo|                                                               layer8_out|       pointer|
|layer8_out_read             |  out|     1|     ap_fifo|                                                               layer8_out|       pointer|
|layer10_out_din             |  out|   384|     ap_fifo|                                                              layer10_out|       pointer|
|layer10_out_num_data_valid  |   in|     7|     ap_fifo|                                                              layer10_out|       pointer|
|layer10_out_fifo_cap        |   in|     7|     ap_fifo|                                                              layer10_out|       pointer|
|layer10_out_full_n          |   in|     1|     ap_fifo|                                                              layer10_out|       pointer|
|layer10_out_write           |  out|     1|     ap_fifo|                                                              layer10_out|       pointer|
+----------------------------+-----+------+------------+-------------------------------------------------------------------------+--------------+

